Component: ARM Compiler 5.06 update 6 (build 750) Tool: armlink [4d35ed]

==============================================================================

Section Cross References

    startup_stm32f429xx.o(RESET) refers to startup_stm32f429xx.o(STACK) for __initial_sp
    startup_stm32f429xx.o(RESET) refers to startup_stm32f429xx.o(.text) for Reset_Handler
    startup_stm32f429xx.o(RESET) refers to stm32f4xx_it.o(i.NMI_Handler) for NMI_Handler
    startup_stm32f429xx.o(RESET) refers to stm32f4xx_it.o(i.MemManage_Handler) for MemManage_Handler
    startup_stm32f429xx.o(RESET) refers to stm32f4xx_it.o(i.BusFault_Handler) for BusFault_Handler
    startup_stm32f429xx.o(RESET) refers to stm32f4xx_it.o(i.UsageFault_Handler) for UsageFault_Handler
    startup_stm32f429xx.o(RESET) refers to stm32f4xx_it.o(i.SVC_Handler) for SVC_Handler
    startup_stm32f429xx.o(RESET) refers to stm32f4xx_it.o(i.DebugMon_Handler) for DebugMon_Handler
    startup_stm32f429xx.o(RESET) refers to stm32f4xx_it.o(i.TIM6_DAC_IRQHandler) for TIM6_DAC_IRQHandler
    startup_stm32f429xx.o(RESET) refers to bsp_time.o(i.TIM7_IRQHandler) for TIM7_IRQHandler
    startup_stm32f429xx.o(.text) refers to system_stm32f4xx.o(i.SystemInit) for SystemInit
    startup_stm32f429xx.o(.text) refers to entry.o(.ARM.Collect$$$$00000000) for __main
    main.o(i.HAL_TIM_PeriodElapsedCallback) refers to stm32f4xx_hal.o(i.HAL_IncTick) for HAL_IncTick
    main.o(i.SystemClock_Config) refers to memseta.o(.text) for __aeabi_memclr4
    main.o(i.SystemClock_Config) refers to stm32f4xx_hal_rcc.o(i.HAL_RCC_OscConfig) for HAL_RCC_OscConfig
    main.o(i.SystemClock_Config) refers to main.o(i.Error_Handler) for Error_Handler
    main.o(i.SystemClock_Config) refers to stm32f4xx_hal_pwr_ex.o(i.HAL_PWREx_EnableOverDrive) for HAL_PWREx_EnableOverDrive
    main.o(i.SystemClock_Config) refers to stm32f4xx_hal_rcc.o(i.HAL_RCC_ClockConfig) for HAL_RCC_ClockConfig
    main.o(i.main) refers to stm32f4xx_hal.o(i.HAL_Init) for HAL_Init
    main.o(i.main) refers to main.o(i.SystemClock_Config) for SystemClock_Config
    main.o(i.main) refers to gpio.o(i.MX_GPIO_Init) for MX_GPIO_Init
    main.o(i.main) refers to debug_usart.o(i.bsp_debug_usart_init) for bsp_debug_usart_init
    main.o(i.main) refers to ff.o(i.f_mount) for f_mount
    main.o(i.main) refers to printf5.o(i.__0printf$5) for __2printf
    main.o(i.main) refers to ff.o(i.f_mkfs) for f_mkfs
    main.o(i.main) refers to bsp_led.o(i.bsp_led_pwm_mode_init) for bsp_led_pwm_mode_init
    main.o(i.main) refers to main.o(.bss) for fs
    main.o(i.main) refers to main.o(.data) for res_flash
    main.o(i.main) refers to main.o(.conststring) for .conststring
    usart.o(i.HAL_UART_MspDeInit) refers to stm32f4xx_hal_gpio.o(i.HAL_GPIO_DeInit) for HAL_GPIO_DeInit
    usart.o(i.HAL_UART_MspInit) refers to memseta.o(.text) for __aeabi_memclr4
    usart.o(i.HAL_UART_MspInit) refers to stm32f4xx_hal_gpio.o(i.HAL_GPIO_Init) for HAL_GPIO_Init
    usart.o(i.MX_USART1_UART_Init) refers to stm32f4xx_hal_uart.o(i.HAL_UART_Init) for HAL_UART_Init
    usart.o(i.MX_USART1_UART_Init) refers to main.o(i.Error_Handler) for Error_Handler
    usart.o(i.MX_USART1_UART_Init) refers to usart.o(.bss) for huart1
    stm32f4xx_it.o(i.TIM6_DAC_IRQHandler) refers to stm32f4xx_hal_tim.o(i.HAL_TIM_IRQHandler) for HAL_TIM_IRQHandler
    stm32f4xx_it.o(i.TIM6_DAC_IRQHandler) refers to stm32f4xx_hal_timebase_tim.o(.bss) for htim6
    stm32f4xx_hal_timebase_tim.o(i.HAL_InitTick) refers to stm32f4xx_hal_cortex.o(i.HAL_NVIC_SetPriority) for HAL_NVIC_SetPriority
    stm32f4xx_hal_timebase_tim.o(i.HAL_InitTick) refers to stm32f4xx_hal_cortex.o(i.HAL_NVIC_EnableIRQ) for HAL_NVIC_EnableIRQ
    stm32f4xx_hal_timebase_tim.o(i.HAL_InitTick) refers to stm32f4xx_hal_rcc.o(i.HAL_RCC_GetClockConfig) for HAL_RCC_GetClockConfig
    stm32f4xx_hal_timebase_tim.o(i.HAL_InitTick) refers to stm32f4xx_hal_rcc.o(i.HAL_RCC_GetPCLK1Freq) for HAL_RCC_GetPCLK1Freq
    stm32f4xx_hal_timebase_tim.o(i.HAL_InitTick) refers to stm32f4xx_hal_tim.o(i.HAL_TIM_Base_Init) for HAL_TIM_Base_Init
    stm32f4xx_hal_timebase_tim.o(i.HAL_InitTick) refers to stm32f4xx_hal_tim.o(i.HAL_TIM_Base_Start_IT) for HAL_TIM_Base_Start_IT
    stm32f4xx_hal_timebase_tim.o(i.HAL_InitTick) refers to stm32f4xx_hal_timebase_tim.o(.bss) for htim6
    stm32f4xx_hal_timebase_tim.o(i.HAL_ResumeTick) refers to stm32f4xx_hal_timebase_tim.o(.bss) for htim6
    stm32f4xx_hal_timebase_tim.o(i.HAL_SuspendTick) refers to stm32f4xx_hal_timebase_tim.o(.bss) for htim6
    stm32f4xx_hal_tim.o(i.HAL_TIM_Base_DeInit) refers to stm32f4xx_hal_tim.o(i.HAL_TIM_Base_MspDeInit) for HAL_TIM_Base_MspDeInit
    stm32f4xx_hal_tim.o(i.HAL_TIM_Base_Init) refers to stm32f4xx_hal_tim.o(i.HAL_TIM_Base_MspInit) for HAL_TIM_Base_MspInit
    stm32f4xx_hal_tim.o(i.HAL_TIM_Base_Init) refers to stm32f4xx_hal_tim.o(i.TIM_Base_SetConfig) for TIM_Base_SetConfig
[...]
    Removing dht11.o(i.DHT11_PRINTF), (44 bytes).
    Removing dht11.o(i.ReadByte), (96 bytes).
    Removing dht11.o(i.Read_DHT11), (248 bytes).
    Removing dht11.o(i.dht11_gpio_init), (72 bytes).
    Removing dht11.o(i.dht11_init), (8 bytes).
    Removing dht11.o(i.wait), (10 bytes).
    Removing dht11.o(.bss), (16 bytes).
    Removing bsp_time.o(.rev16_text), (4 bytes).
    Removing bsp_time.o(.revsh_text), (4 bytes).
    Removing bsp_time.o(.rrx_text), (6 bytes).
    Removing bsp_time.o(i.bsp_tim1_init), (116 bytes).
    Removing bsp_time.o(i.bsp_time7_init), (96 bytes).
    Removing bsp_i2c.o(.rev16_text), (4 bytes).
    Removing bsp_i2c.o(.revsh_text), (4 bytes).
    Removing bsp_i2c.o(.rrx_text), (6 bytes).
    Removing bsp_i2c.o(i.I2C_ReadBuffer), (64 bytes).
    Removing bsp_i2c.o(i.I2C_WriteByte), (48 bytes).
    Removing bsp_i2c.o(i.bsp_i2c1_disable), (20 bytes).
    Removing bsp_i2c.o(i.bsp_i2c1_init), (192 bytes).
    Removing bsp_i2c.o(.bss), (84 bytes).
    Removing bsp_sdram.o(.rev16_text), (4 bytes).
    Removing bsp_sdram.o(.revsh_text), (4 bytes).
    Removing bsp_sdram.o(.rrx_text), (6 bytes).
    Removing bsp_sdram.o(i.SDRAM_GPIO_Config), (1692 bytes).
    Removing bsp_sdram.o(i.SDRAM_Init), (144 bytes).
    Removing bsp_sdram.o(i.SDRAM_InitSequence), (144 bytes).
    Removing bsp_sdram.o(i.SDRAM_ReadBuffer), (52 bytes).
    Removing bsp_sdram.o(i.SDRAM_Test), (380 bytes).
    Removing bsp_sdram.o(i.SDRAM_WriteBuffer), (60 bytes).
    Removing bsp_sdram.o(i.SDRAM_delay), (36 bytes).
    Removing bsp_sdram.o(.bss), (68 bytes).
    Removing bsp_lcd.o(.rev16_text), (4 bytes).
    Removing bsp_lcd.o(.revsh_text), (4 bytes).
    Removing bsp_lcd.o(.rrx_text), (6 bytes).
    Removing bsp_lcd.o(i.DrawChar), (260 bytes).
    Removing bsp_lcd.o(i.FillTriangle), (296 bytes).
    Removing bsp_lcd.o(i.LCD_Clear), (64 bytes).
    Removing bsp_lcd.o(i.LCD_ClearLine), (140 bytes).
    Removing bsp_lcd.o(i.LCD_ClockConfig), (44 bytes).
    Removing bsp_lcd.o(i.LCD_DisplayChar), (104 bytes).
    Removing bsp_lcd.o(i.LCD_DisplayOff), (48 bytes).
    Removing bsp_lcd.o(i.LCD_DisplayOn), (48 bytes).
    Removing bsp_lcd.o(i.LCD_DisplayStringAt), (296 bytes).
    Removing bsp_lcd.o(i.LCD_DisplayStringLine), (30 bytes).
    Removing bsp_lcd.o(i.LCD_DrawBitmap), (176 bytes).
    Removing bsp_lcd.o(i.LCD_DrawCircle), (296 bytes).
    Removing bsp_lcd.o(i.LCD_DrawEllipse), (352 bytes).
    Removing bsp_lcd.o(i.LCD_DrawHLine), (324 bytes).
    Removing bsp_lcd.o(i.LCD_DrawLine), (316 bytes).
    Removing bsp_lcd.o(i.LCD_DrawPixel), (348 bytes).
    Removing bsp_lcd.o(i.LCD_DrawPolygon), (108 bytes).
    Removing bsp_lcd.o(i.LCD_DrawRect), (60 bytes).
    Removing bsp_lcd.o(i.LCD_DrawVLine), (328 bytes).
    Removing bsp_lcd.o(i.LCD_FillCircle), (184 bytes).
    Removing bsp_lcd.o(i.LCD_FillEllipse), (292 bytes).
    Removing bsp_lcd.o(i.LCD_FillPolygon), (432 bytes).
    Removing bsp_lcd.o(i.LCD_FillRect), (348 bytes).
    Removing bsp_lcd.o(i.LCD_GPIO_Config), (1484 bytes).
    Removing bsp_lcd.o(i.LCD_GetBackColor), (28 bytes).
    Removing bsp_lcd.o(i.LCD_GetFont), (28 bytes).
    Removing bsp_lcd.o(i.LCD_GetTextColor), (24 bytes).
    Removing bsp_lcd.o(i.LCD_GetXSize), (32 bytes).
    Removing bsp_lcd.o(i.LCD_GetYSize), (32 bytes).
    Removing bsp_lcd.o(i.LCD_Init), (224 bytes).
    Removing bsp_lcd.o(i.LCD_LayerInit), (160 bytes).
    Removing bsp_lcd.o(i.LCD_ReadPixel), (352 bytes).
    Removing bsp_lcd.o(i.LCD_SelectLayer), (12 bytes).
    Removing bsp_lcd.o(i.LCD_SetBackColor), (28 bytes).
    Removing bsp_lcd.o(i.LCD_SetColors), (20 bytes).
    Removing bsp_lcd.o(i.LCD_SetFont), (28 bytes).
    Removing bsp_lcd.o(i.LCD_SetLayerAddress), (24 bytes).
    Removing bsp_lcd.o(i.LCD_SetLayerVisible), (80 bytes).
    Removing bsp_lcd.o(i.LCD_SetLayerWindow), (48 bytes).
    Removing bsp_lcd.o(i.LCD_SetTextColor), (24 bytes).
    Removing bsp_lcd.o(i.LCD_SetTransparency), (24 bytes).
    Removing bsp_lcd.o(i.LCD_SetXSize), (32 bytes).
    Removing bsp_lcd.o(i.LCD_SetYSize), (32 bytes).
    Removing bsp_lcd.o(i.LL_ConvertLineToARGB8888), (100 bytes).
    Removing bsp_lcd.o(i.LL_FillBuffer), (256 bytes).
    Removing bsp_lcd.o(.bss), (304 bytes).
    Removing bsp_lcd.o(.constdata), (15580 bytes).
    Removing bsp_lcd.o(.data), (44 bytes).
    Removing my_malloc.o(.rev16_text), (4 bytes).
    Removing my_malloc.o(.revsh_text), (4 bytes).
    Removing my_malloc.o(.rrx_text), (6 bytes).
    Removing my_malloc.o(i.my_free), (36 bytes).
    Removing my_malloc.o(i.my_mem_free), (108 bytes).
    Removing my_malloc.o(i.my_mem_init), (44 bytes).
    Removing my_malloc.o(i.my_mem_malloc), (168 bytes).
    Removing my_malloc.o(i.my_mem_perused), (64 bytes).
    Removing my_malloc.o(i.my_men_copy), (26 bytes).
    Removing my_malloc.o(i.mymalloc), (40 bytes).
    Removing my_malloc.o(i.mymemset), (20 bytes).
    Removing my_malloc.o(i.myrealloc), (68 bytes).
    Removing my_malloc.o(.bss), (174080 bytes).
    Removing my_malloc.o(.constdata), (36 bytes).
    Removing my_malloc.o(.data), (36 bytes).
    Removing bsp_adc.o(.rev16_text), (4 bytes).
    Removing bsp_adc.o(.revsh_text), (4 bytes).
    Removing bsp_adc.o(.rrx_text), (6 bytes).
    Removing bsp_adc.o(i.bsp_adc_error_callback), (60 bytes).
    Removing bsp_adc.o(i.bsp_adc_get), (124 bytes).
    Removing bsp_adc.o(i.bsp_adc_init), (180 bytes).
    Removing bsp_adc.o(.bss), (72 bytes).
    Removing bsp_dma.o(.rev16_text), (4 bytes).
    Removing bsp_dma.o(.revsh_text), (4 bytes).
    Removing bsp_dma.o(.rrx_text), (6 bytes).
    Removing bsp_dma.o(i.bsp_usart1_dma2_init), (176 bytes).
    Removing bsp_dma.o(.bss), (96 bytes).
    Removing bsp_spi.o(.rev16_text), (4 bytes).
    Removing bsp_spi.o(.revsh_text), (4 bytes).
    Removing bsp_spi.o(.rrx_text), (6 bytes).
    Removing w25q64.o(.rev16_text), (4 bytes).
    Removing w25q64.o(.revsh_text), (4 bytes).
    Removing w25q64.o(.rrx_text), (6 bytes).
    Removing w25q64.o(i.W25QXX_Erase_chip), (44 bytes).
    Removing diskio.o(.rev16_text), (4 bytes).
    Removing diskio.o(.revsh_text), (4 bytes).
    Removing diskio.o(.rrx_text), (6 bytes).
    Removing ff.o(i.chk_chr), (20 bytes).
    Removing ff.o(i.clst2sect), (26 bytes).
    Removing ff.o(i.cmp_lfn), (152 bytes).
    Removing ff.o(i.create_chain), (288 bytes).
    Removing ff.o(i.create_name), (596 bytes).
    Removing ff.o(i.dbc_1st), (52 bytes).
    Removing ff.o(i.dbc_2nd), (72 bytes).
    Removing ff.o(i.dir_alloc), (96 bytes).
    Removing ff.o(i.dir_clear), (96 bytes).
    Removing ff.o(i.dir_find), (252 bytes).
    Removing ff.o(i.dir_next), (218 bytes).
    Removing ff.o(i.dir_read), (210 bytes).
    Removing ff.o(i.dir_register), (322 bytes).
    Removing ff.o(i.dir_remove), (96 bytes).
    Removing ff.o(i.dir_sdi), (166 bytes).
    Removing ff.o(i.f_close), (34 bytes).
    Removing ff.o(i.f_closedir), (24 bytes).
    Removing ff.o(i.f_getfree), (254 bytes).
    Removing ff.o(i.f_lseek), (416 bytes).
    Removing ff.o(i.f_mkdir), (270 bytes).
    Removing ff.o(i.f_open), (514 bytes).
    Removing ff.o(i.f_opendir), (120 bytes).
    Removing ff.o(i.f_read), (462 bytes).
    Removing ff.o(i.f_readdir), (92 bytes).
    Removing ff.o(i.f_rename), (296 bytes).
    Removing ff.o(i.f_stat), (72 bytes).
    Removing ff.o(i.f_sync), (160 bytes).
    Removing ff.o(i.f_truncate), (178 bytes).
    Removing ff.o(i.f_unlink), (180 bytes).
    Removing ff.o(i.f_write), (532 bytes).
    Removing ff.o(i.follow_path), (168 bytes).
    Removing ff.o(i.gen_numname), (204 bytes).
    Removing ff.o(i.get_fat), (306 bytes).
    Removing ff.o(i.get_fileinfo), (376 bytes).
    Removing ff.o(i.ld_clust), (38 bytes).
    Removing ff.o(i.pick_lfn), (140 bytes).
    Removing ff.o(i.put_fat), (400 bytes).
    Removing ff.o(i.put_lfn), (128 bytes).
    Removing ff.o(i.put_utf), (66 bytes).
    Removing ff.o(i.remove_chain), (154 bytes).
    Removing ff.o(i.st_clust), (36 bytes).
    Removing ff.o(i.sum_sfn), (32 bytes).
    Removing ff.o(i.sync_fs), (144 bytes).
    Removing ff.o(i.tchar2uni), (76 bytes).
    Removing ff.o(i.validate), (60 bytes).
    Removing ffunicode.o(i.ff_oem2uni), (104 bytes).
    Removing ffunicode.o(i.ff_uni2oem), (116 bytes).
    Removing ffunicode.o(i.ff_wtoupper), (176 bytes).
    Removing ffunicode.o(.constdata), (175030 bytes).
    Removing dadd.o(.text), (334 bytes).
    Removing dmul.o(.text), (228 bytes).
    Removing ddiv.o(.text), (222 bytes).
    Removing dfixul.o(.text), (48 bytes).
    Removing cdrcmple.o(.text), (48 bytes).
    Removing depilogue.o(.text), (186 bytes).

944 unused section(s) (total 472361 bytes) removed from the image.

==============================================================================

Image Symbol Table

    Local Symbols

    Symbol Name                              Value     Ov Type        Size  Object(Section)

    ../Drivers/STM32F4xx_HAL_Driver/Src/stm32f4xx_hal.c 0x00000000   Number         0  stm32f4xx_hal.o ABSOLUTE
    ../Drivers/STM32F4xx_HAL_Driver/Src/stm32f4xx_hal_cortex.c 0x00000000   Number         0  stm32f4xx_hal_cortex.o ABSOLUTE
    ../Drivers/STM32F4xx_HAL_Driver/Src/stm32f4xx_hal_dma.c 0x00000000   Number         0  stm32f4xx_hal_dma.o ABSOLUTE
    ../Drivers/STM32F4xx_HAL_Driver/Src/stm32f4xx_hal_dma_ex.c 0x00000000   Number         0  stm32f4xx_hal_dma_ex.o ABSOLUTE
    ../Drivers/STM32F4xx_HAL_Driver/Src/stm32f4xx_hal_exti.c 0x00000000   Number         0  stm32f4xx_hal_exti.o ABSOLUTE
    ../Drivers/STM32F4xx_HAL_Driver/Src/stm32f4xx_hal_flash.c 0x00000000   Number         0  stm32f4xx_hal_flash.o ABSOLUTE
    ../Drivers/STM32F4xx_HAL_Driver/Src/stm32f4xx_hal_flash_ex.c 0x00000000   Number         0  stm32f4xx_hal_flash_ex.o ABSOLUTE
    ../Drivers/STM32F4xx_HAL_Driver/Src/stm32f4xx_hal_flash_ramfunc.c 0x00000000   Number         0  stm32f4xx_hal_flash_ramfunc.o ABSOLUTE
    ../Drivers/STM32F4xx_HAL_Driver/Src/stm32f4xx_hal_gpio.c 0x00000000   Number         0  stm32f4xx_hal_gpio.o ABSOLUTE
    ../Drivers/STM32F4xx_HAL_Driver/Src/stm32f4xx_hal_pwr.c 0x00000000   Number         0  stm32f4xx_hal_pwr.o ABSOLUTE
    ../Drivers/STM32F4xx_HAL_Driver/Src/stm32f4xx_hal_pwr_ex.c 0x00000000   Number         0  stm32f4xx_hal_pwr_ex.o ABSOLUTE
    ../Drivers/STM32F4xx_HAL_Driver/Src/stm32f4xx_hal_rcc.c 0x00000000   Number         0  stm32f4xx_hal_rcc.o ABSOLUTE
    ../Drivers/STM32F4xx_HAL_Driver/Src/stm32f4xx_hal_rcc_ex.c 0x00000000   Number         0  stm32f4xx_hal_rcc_ex.o ABSOLUTE
    ../Drivers/STM32F4xx_HAL_Driver/Src/stm32f4xx_hal_tim.c 0x00000000   Number         0  stm32f4xx_hal_tim.o ABSOLUTE
    ../Drivers/STM32F4xx_HAL_Driver/Src/stm32f4xx_hal_tim_ex.c 0x00000000   Number         0  stm32f4xx_hal_tim_ex.o ABSOLUTE
    ../Drivers/STM32F4xx_HAL_Driver/Src/stm32f4xx_hal_uart.c 0x00000000   Number         0  stm32f4xx_hal_uart.o ABSOLUTE
    ../Src/gpio.c                            0x00000000   Number         0  gpio.o ABSOLUTE
    ../Src/main.c                            0x00000000   Number         0  main.o ABSOLUTE
    ../Src/stm32f4xx_hal_msp.c               0x00000000   Number         0  stm32f4xx_hal_msp.o ABSOLUTE
    ../Src/stm32f4xx_hal_timebase_tim.c      0x00000000   Number         0  stm32f4xx_hal_timebase_tim.o ABSOLUTE
    ../Src/stm32f4xx_it.c                    0x00000000   Number         0  stm32f4xx_it.o ABSOLUTE
    ../Src/system_stm32f4xx.c                0x00000000   Number         0  system_stm32f4xx.o ABSOLUTE
    ../Src/usart.c                           0x00000000   Number         0  usart.o ABSOLUTE
    ../clib/microlib/division.c              0x00000000   Number         0  uidiv.o ABSOLUTE
    ../clib/microlib/division.c              0x00000000   Number         0  uldiv.o ABSOLUTE
    ../clib/microlib/init/entry.s            0x00000000   Number         0  entry.o ABSOLUTE
    ../clib/microlib/init/entry.s            0x00000000   Number         0  entry10b.o ABSOLUTE
    ../clib/microlib/init/entry.s            0x00000000   Number         0  entry10a.o ABSOLUTE
    ../clib/microlib/init/entry.s            0x00000000   Number         0  entry8a.o ABSOLUTE
    ../clib/microlib/init/entry.s            0x00000000   Number         0  entry9b.o ABSOLUTE
    ../clib/microlib/init/entry.s            0x00000000   Number         0  entry9a.o ABSOLUTE
    ../clib/microlib/init/entry.s            0x00000000   Number         0  entry8b.o ABSOLUTE
    ../clib/microlib/init/entry.s            0x00000000   Number         0  entry7b.o ABSOLUTE
    ../clib/microlib/init/entry.s            0x00000000   Number         0  entry7a.o ABSOLUTE
    ../clib/microlib/init/entry.s            0x00000000   Number         0  entry11b.o ABSOLUTE
    ../clib/microlib/init/entry.s            0x00000000   Number         0  entry2.o ABSOLUTE
    ../clib/microlib/init/entry.s            0x00000000   Number         0  entry11a.o ABSOLUTE
    ../clib/microlib/init/entry.s            0x00000000   Number         0  entry5.o ABSOLUTE
    ../clib/microlib/longlong.c              0x00000000   Number         0  llushr.o ABSOLUTE
    ../clib/microlib/longlong.c              0x00000000   Number         0  llshl.o ABSOLUTE
    ../clib/microlib/longlong.c              0x00000000   Number         0  llsshr.o ABSOLUTE
    ../clib/microlib/printf/printf.c         0x00000000   Number         0  printf0.o ABSOLUTE
    ../clib/microlib/printf/printf.c         0x00000000   Number         0  printf1.o ABSOLUTE
    ../clib/microlib/printf/printf.c         0x00000000   Number         0  printf5.o ABSOLUTE
    ../clib/microlib/printf/printf.c         0x00000000   Number         0  printfa.o ABSOLUTE
    ../clib/microlib/printf/printf.c         0x00000000   Number         0  printf8.o ABSOLUTE
    ../clib/microlib/printf/printf.c         0x00000000   Number         0  printf7.o ABSOLUTE
    ../clib/microlib/printf/printf.c         0x00000000   Number         0  printf6.o ABSOLUTE
    ../clib/microlib/printf/printf.c         0x00000000   Number         0  printfb.o ABSOLUTE
    ../clib/microlib/printf/printf.c         0x00000000   Number         0  printf4.o ABSOLUTE
    ../clib/microlib/printf/printf.c         0x00000000   Number         0  printf3.o ABSOLUTE
    ../clib/microlib/printf/printf.c         0x00000000   Number         0  printf2.o ABSOLUTE
    ../clib/microlib/printf/stubs.s          0x00000000   Number         0  stubs.o ABSOLUTE
    ../clib/microlib/stdio/streams.c         0x00000000   Number         0  stdout.o ABSOLUTE
    ../clib/microlib/string/memcpy.c         0x00000000   Number         0  memcpya.o ABSOLUTE
    ../clib/microlib/string/memcpy.c         0x00000000   Number         0  memcpyb.o ABSOLUTE
    ../clib/microlib/string/memset.c         0x00000000   Number         0  memseta.o ABSOLUTE
    ../clib/microlib/stubs.s                 0x00000000   Number         0  iusefp.o ABSOLUTE
    ../fplib/microlib/fpadd.c                0x00000000   Number         0  dadd.o ABSOLUTE
    ../fplib/microlib/fpdiv.c                0x00000000   Number         0  ddiv.o ABSOLUTE
    ../fplib/microlib/fpepilogue.c           0x00000000   Number         0  depilogue.o ABSOLUTE
    ../fplib/microlib/fpfix.c                0x00000000   Number         0  dfixul.o ABSOLUTE
    ../fplib/microlib/fpmul.c                0x00000000   Number         0  dmul.o ABSOLUTE
    ..\Drivers\BSP_Driver\bsp_adc.c          0x00000000   Number         0  bsp_adc.o ABSOLUTE
    ..\Drivers\BSP_Driver\bsp_dma.c          0x00000000   Number         0  bsp_dma.o ABSOLUTE
    ..\Drivers\BSP_Driver\bsp_i2c.c          0x00000000   Number         0  bsp_i2c.o ABSOLUTE
    ..\Drivers\BSP_Driver\bsp_key.c          0x00000000   Number         0  bsp_key.o ABSOLUTE
    ..\Drivers\BSP_Driver\bsp_led.c          0x00000000   Number         0  bsp_led.o ABSOLUTE
    ..\Drivers\BSP_Driver\bsp_spi.c          0x00000000   Number         0  bsp_spi.o ABSOLUTE
    ..\Drivers\BSP_Driver\bsp_time.c         0x00000000   Number         0  bsp_time.o ABSOLUTE
    ..\Drivers\BSP_Driver\debug_usart.c      0x00000000   Number         0  debug_usart.o ABSOLUTE
    ..\Drivers\BSP_Driver\dht11.c            0x00000000   Number         0  dht11.o ABSOLUTE
    ..\Drivers\BSP_Driver\fatfs_04\diskio.c  0x00000000   Number         0  diskio.o ABSOLUTE
    ..\Drivers\BSP_Driver\fatfs_04\ff.c      0x00000000   Number         0  ff.o ABSOLUTE
    ..\Drivers\BSP_Driver\fatfs_04\ffsystem.c 0x00000000   Number         0  ffsystem.o ABSOLUTE
    ..\Drivers\BSP_Driver\fatfs_04\ffunicode.c 0x00000000   Number         0  ffunicode.o ABSOLUTE
    ..\Drivers\BSP_Driver\lcd\lcd\bsp_lcd.c  0x00000000   Number         0  bsp_lcd.o ABSOLUTE
    ..\Drivers\BSP_Driver\lcd\sdram\bsp_sdram.c 0x00000000   Number         0  bsp_sdram.o ABSOLUTE
    ..\Drivers\BSP_Driver\my_malloc.c        0x00000000   Number         0  my_malloc.o ABSOLUTE
    ..\Drivers\BSP_Driver\w25q64.c           0x00000000   Number         0  w25q64.o ABSOLUTE
    ..\Drivers\STM32F4xx_HAL_Driver\Src\stm32f4xx_hal.c 0x00000000   Number         0  stm32f4xx_hal.o ABSOLUTE
    ..\Drivers\STM32F4xx_HAL_Driver\Src\stm32f4xx_hal_adc.c 0x00000000   Number         0  stm32f4xx_hal_adc.o ABSOLUTE
    ..\Drivers\STM32F4xx_HAL_Driver\Src\stm32f4xx_hal_adc_ex.c 0x00000000   Number         0  stm32f4xx_hal_adc_ex.o ABSOLUTE
    ..\Drivers\STM32F4xx_HAL_Driver\Src\stm32f4xx_hal_cortex.c 0x00000000   Number         0  stm32f4xx_hal_cortex.o ABSOLUTE
    ..\Drivers\STM32F4xx_HAL_Driver\Src\stm32f4xx_hal_dma.c 0x00000000   Number         0  stm32f4xx_hal_dma.o ABSOLUTE
    ..\Drivers\STM32F4xx_HAL_Driver\Src\stm32f4xx_hal_dma2d.c 0x00000000   Number         0  stm32f4xx_hal_dma2d.o ABSOLUTE
    ..\Drivers\STM32F4xx_HAL_Driver\Src\stm32f4xx_hal_dma_ex.c 0x00000000   Number         0  stm32f4xx_hal_dma_ex.o ABSOLUTE
    ..\Drivers\STM32F4xx_HAL_Driver\Src\stm32f4xx_hal_exti.c 0x00000000   Number         0  stm32f4xx_hal_exti.o ABSOLUTE
    ..\Drivers\STM32F4xx_HAL_Driver\Src\stm32f4xx_hal_flash.c 0x00000000   Number         0  stm32f4xx_hal_flash.o ABSOLUTE
    ..\Drivers\STM32F4xx_HAL_Driver\Src\stm32f4xx_hal_flash_ex.c 0x00000000   Number         0  stm32f4xx_hal_flash_ex.o ABSOLUTE
    ..\Drivers\STM32F4xx_HAL_Driver\Src\stm32f4xx_hal_flash_ramfunc.c 0x00000000   Number         0  stm32f4xx_hal_flash_ramfunc.o ABSOLUTE
    ..\Drivers\STM32F4xx_HAL_Driver\Src\stm32f4xx_hal_gpio.c 0x00000000   Number         0  stm32f4xx_hal_gpio.o ABSOLUTE
    ..\Drivers\STM32F4xx_HAL_Driver\Src\stm32f4xx_hal_i2c.c 0x00000000   Number         0  stm32f4xx_hal_i2c.o ABSOLUTE
    ..\Drivers\STM32F4xx_HAL_Driver\Src\stm32f4xx_hal_i2c_ex.c 0x00000000   Number         0  stm32f4xx_hal_i2c_ex.o ABSOLUTE
    ..\Drivers\STM32F4xx_HAL_Driver\Src\stm32f4xx_hal_ltdc.c 0x00000000   Number         0  stm32f4xx_hal_ltdc.o ABSOLUTE
    ..\Drivers\STM32F4xx_HAL_Driver\Src\stm32f4xx_hal_ltdc_ex.c 0x00000000   Number         0  stm32f4xx_hal_ltdc_ex.o ABSOLUTE
    ..\Drivers\STM32F4xx_HAL_Driver\Src\stm32f4xx_hal_pwr.c 0x00000000   Number         0  stm32f4xx_hal_pwr.o ABSOLUTE
    ..\Drivers\STM32F4xx_HAL_Driver\Src\stm32f4xx_hal_pwr_ex.c 0x00000000   Number         0  stm32f4xx_hal_pwr_ex.o ABSOLUTE
    ..\Drivers\STM32F4xx_HAL_Driver\Src\stm32f4xx_hal_rcc.c 0x00000000   Number         0  stm32f4xx_hal_rcc.o ABSOLUTE
    ..\Drivers\STM32F4xx_HAL_Driver\Src\stm32f4xx_hal_rcc_ex.c 0x00000000   Number         0  stm32f4xx_hal_rcc_ex.o ABSOLUTE
    ..\Drivers\STM32F4xx_HAL_Driver\Src\stm32f4xx_hal_sdram.c 0x00000000   Number         0  stm32f4xx_hal_sdram.o ABSOLUTE
    ..\Drivers\STM32F4xx_HAL_Driver\Src\stm32f4xx_hal_spi.c 0x00000000   Number         0  stm32f4xx_hal_spi.o ABSOLUTE
    ..\Drivers\STM32F4xx_HAL_Driver\Src\stm32f4xx_hal_tim.c 0x00000000   Number         0  stm32f4xx_hal_tim.o ABSOLUTE
    ..\Drivers\STM32F4xx_HAL_Driver\Src\stm32f4xx_hal_tim_ex.c 0x00000000   Number         0  stm32f4xx_hal_tim_ex.o ABSOLUTE
    ..\Drivers\STM32F4xx_HAL_Driver\Src\stm32f4xx_hal_uart.c 0x00000000   Number         0  stm32f4xx_hal_uart.o ABSOLUTE
    ..\Drivers\STM32F4xx_HAL_Driver\Src\stm32f4xx_ll_fmc.c 0x00000000   Number         0  stm32f4xx_ll_fmc.o ABSOLUTE
    ..\Src\gpio.c                            0x00000000   Number         0  gpio.o ABSOLUTE
    ..\Src\main.c                            0x00000000   Number         0  main.o ABSOLUTE
    ..\Src\stm32f4xx_hal_msp.c               0x00000000   Number         0  stm32f4xx_hal_msp.o ABSOLUTE
    ..\Src\stm32f4xx_hal_timebase_tim.c      0x00000000   Number         0  stm32f4xx_hal_timebase_tim.o ABSOLUTE
    ..\Src\stm32f4xx_it.c                    0x00000000   Number         0  stm32f4xx_it.o ABSOLUTE
    ..\Src\system_stm32f4xx.c                0x00000000   Number         0  system_stm32f4xx.o ABSOLUTE
    ..\Src\usart.c                           0x00000000   Number         0  usart.o ABSOLUTE
    ..\\Drivers\\BSP_Driver\\bsp_adc.c       0x00000000   Number         0  bsp_adc.o ABSOLUTE
    ..\\Drivers\\BSP_Driver\\bsp_dma.c       0x00000000   Number         0  bsp_dma.o ABSOLUTE
    ..\\Drivers\\BSP_Driver\\bsp_i2c.c       0x00000000   Number         0  bsp_i2c.o ABSOLUTE
    ..\\Drivers\\BSP_Driver\\bsp_key.c       0x00000000   Number         0  bsp_key.o ABSOLUTE
    ..\\Drivers\\BSP_Driver\\bsp_led.c       0x00000000   Number         0  bsp_led.o ABSOLUTE
    ..\\Drivers\\BSP_Driver\\bsp_spi.c       0x00000000   Number         0  bsp_spi.o ABSOLUTE
    ..\\Drivers\\BSP_Driver\\bsp_time.c      0x00000000   Number         0  bsp_time.o ABSOLUTE
    ..\\Drivers\\BSP_Driver\\debug_usart.c   0x00000000   Number         0  debug_usart.o ABSOLUTE
    ..\\Drivers\\BSP_Driver\\dht11.c         0x00000000   Number         0  dht11.o ABSOLUTE
    ..\\Drivers\\BSP_Driver\\fatfs_04\\diskio.c 0x00000000   Number         0  diskio.o ABSOLUTE
    ..\\Drivers\\BSP_Driver\\lcd\\lcd\\bsp_lcd.c 0x00000000   Number         0  bsp_lcd.o ABSOLUTE
    ..\\Drivers\\BSP_Driver\\lcd\\sdram\\bsp_sdram.c 0x00000000   Number         0  bsp_sdram.o ABSOLUTE
    ..\\Drivers\\BSP_Driver\\my_malloc.c     0x00000000   Number         0  my_malloc.o ABSOLUTE
    ..\\Drivers\\BSP_Driver\\w25q64.c        0x00000000   Number         0  w25q64.o ABSOLUTE
    ..\\Drivers\\STM32F4xx_HAL_Driver\\Src\\stm32f4xx_hal_adc.c 0x00000000   Number         0  stm32f4xx_hal_adc.o ABSOLUTE
    ..\\Drivers\\STM32F4xx_HAL_Driver\\Src\\stm32f4xx_hal_adc_ex.c 0x00000000   Number         0  stm32f4xx_hal_adc_ex.o ABSOLUTE
    ..\\Drivers\\STM32F4xx_HAL_Driver\\Src\\stm32f4xx_hal_dma2d.c 0x00000000   Number         0  stm32f4xx_hal_dma2d.o ABSOLUTE
    ..\\Drivers\\STM32F4xx_HAL_Driver\\Src\\stm32f4xx_hal_i2c.c 0x00000000   Number         0  stm32f4xx_hal_i2c.o ABSOLUTE
    ..\\Drivers\\STM32F4xx_HAL_Driver\\Src\\stm32f4xx_hal_i2c_ex.c 0x00000000   Number         0  stm32f4xx_hal_i2c_ex.o ABSOLUTE
    ..\\Drivers\\STM32F4xx_HAL_Driver\\Src\\stm32f4xx_hal_ltdc.c 0x00000000   Number         0  stm32f4xx_hal_ltdc.o ABSOLUTE
    ..\\Drivers\\STM32F4xx_HAL_Driver\\Src\\stm32f4xx_hal_ltdc_ex.c 0x00000000   Number         0  stm32f4xx_hal_ltdc_ex.o ABSOLUTE
    ..\\Drivers\\STM32F4xx_HAL_Driver\\Src\\stm32f4xx_hal_sdram.c 0x00000000   Number         0  stm32f4xx_hal_sdram.o ABSOLUTE
    ..\\Drivers\\STM32F4xx_HAL_Driver\\Src\\stm32f4xx_hal_spi.c 0x00000000   Number         0  stm32f4xx_hal_spi.o ABSOLUTE
    ..\\Drivers\\STM32F4xx_HAL_Driver\\Src\\stm32f4xx_ll_fmc.c 0x00000000   Number         0  stm32f4xx_ll_fmc.o ABSOLUTE
    cdrcmple.s                               0x00000000   Number         0  cdrcmple.o ABSOLUTE
    dc.s                                     0x00000000   Number         0  dc.o ABSOLUTE
    handlers.s                               0x00000000   Number         0  handlers.o ABSOLUTE
    init.s                                   0x00000000   Number         0  init.o ABSOLUTE
    startup_stm32f429xx.s                    0x00000000   Number         0  startup_stm32f429xx.o ABSOLUTE
    RESET                                    0x08000000   Section      428  startup_stm32f429xx.o(RESET)
    .ARM.Collect$$$$00000000                 0x080001ac   Section        0  entry.o(.ARM.Collect$$$$00000000)
    .ARM.Collect$$$$00000001                 0x080001ac   Section        4  entry2.o(.ARM.Collect$$$$00000001)
    .ARM.Collect$$$$00000004                 0x080001b0   Section        4  entry5.o(.ARM.Collect$$$$00000004)
    .ARM.Collect$$$$00000008                 0x080001b4   Section        0  entry7b.o(.ARM.Collect$$$$00000008)
    .ARM.Collect$$$$0000000A                 0x080001b4   Section        0  entry8b.o(.ARM.Collect$$$$0000000A)
    .ARM.Collect$$$$0000000B                 0x080001b4   Section        8  entry9a.o(.ARM.Collect$$$$0000000B)
    .ARM.Collect$$$$0000000D                 0x080001bc   Section        0  entry10a.o(.ARM.Collect$$$$0000000D)
    .ARM.Collect$$$$0000000F                 0x080001bc   Section        0  entry11a.o(.ARM.Collect$$$$0000000F)
    .ARM.Collect$$$$00002712                 0x080001bc   Section        4  entry2.o(.ARM.Collect$$$$00002712)
    __lit__00000000                          0x080001bc   Data           4  entry2.o(.ARM.Collect$$$$00002712)
    .text                                    0x080001c0   Section       36  startup_stm32f429xx.o(.text)
    $v0                                      0x080001c0   Number         0  startup_stm32f429xx.o(.text)
    .text                                    0x080001e4   Section        0  uldiv.o(.text)
    .text                                    0x08000246   Section        0  memseta.o(.text)
    .text                                    0x0800026a   Section        0  llshl.o(.text)
    .text                                    0x08000288   Section        0  llushr.o(.text)
    .text                                    0x080002a8   Section       36  init.o(.text)
    i.BusFault_Handler                       0x080002cc   Section        0  stm32f4xx_it.o(i.BusFault_Handler)
    i.DebugMon_Handler                       0x080002d0   Section        0  stm32f4xx_it.o(i.DebugMon_Handler)
    i.Error_Handler                          0x080002d2   Section        0  main.o(i.Error_Handler)
    i.HAL_GPIO_Init                          0x080002d4   Section        0  stm32f4xx_hal_gpio.o(i.HAL_GPIO_Init)
    i.HAL_GPIO_WritePin                      0x080004f0   Section        0  stm32f4xx_hal_gpio.o(i.HAL_GPIO_WritePin)
    i.HAL_GetTick                            0x080004fc   Section        0  stm32f4xx_hal.o(i.HAL_GetTick)
    i.HAL_IncTick                            0x08000508   Section        0  stm32f4xx_hal.o(i.HAL_IncTick)
    i.HAL_Init                               0x08000520   Section        0  stm32f4xx_hal.o(i.HAL_Init)
    i.HAL_InitTick                           0x0800055c   Section        0  stm32f4xx_hal_timebase_tim.o(i.HAL_InitTick)
    i.HAL_MspInit                            0x080005e8   Section        0  stm32f4xx_hal_msp.o(i.HAL_MspInit)
    i.HAL_NVIC_EnableIRQ                     0x08000630   Section        0  stm32f4xx_hal_cortex.o(i.HAL_NVIC_EnableIRQ)
    i.HAL_NVIC_SetPriority                   0x08000650   Section        0  stm32f4xx_hal_cortex.o(i.HAL_NVIC_SetPriority)
    i.HAL_NVIC_SetPriorityGrouping           0x080006cc   Section        0  stm32f4xx_hal_cortex.o(i.HAL_NVIC_SetPriorityGrouping)
    i.HAL_PWREx_EnableOverDrive              0x080006f4   Section        0  stm32f4xx_hal_pwr_ex.o(i.HAL_PWREx_EnableOverDrive)
    i.HAL_RCC_ClockConfig                    0x08000780   Section        0  stm32f4xx_hal_rcc.o(i.HAL_RCC_ClockConfig)
    i.HAL_RCC_GetClockConfig                 0x08000904   Section        0  stm32f4xx_hal_rcc.o(i.HAL_RCC_GetClockConfig)
    i.HAL_RCC_GetHCLKFreq                    0x08000948   Section        0  stm32f4xx_hal_rcc.o(i.HAL_RCC_GetHCLKFreq)
    i.HAL_RCC_GetPCLK1Freq                   0x08000954   Section        0  stm32f4xx_hal_rcc.o(i.HAL_RCC_GetPCLK1Freq)
    i.HAL_RCC_GetPCLK2Freq                   0x08000974   Section        0  stm32f4xx_hal_rcc.o(i.HAL_RCC_GetPCLK2Freq)
    i.HAL_RCC_GetSysClockFreq                0x08000994   Section        0  stm32f4xx_hal_rcc.o(i.HAL_RCC_GetSysClockFreq)
    i.HAL_RCC_OscConfig                      0x08000a44   Section        0  stm32f4xx_hal_rcc.o(i.HAL_RCC_OscConfig)
    i.HAL_SPI_Init                           0x08000ecc   Section        0  stm32f4xx_hal_spi.o(i.HAL_SPI_Init)
    i.HAL_SPI_MspInit                        0x08000f58   Section        0  stm32f4xx_hal_spi.o(i.HAL_SPI_MspInit)
    i.HAL_SPI_TransmitReceive                0x08000f5a   Section        0  stm32f4xx_hal_spi.o(i.HAL_SPI_TransmitReceive)
    i.HAL_TIMEx_BreakCallback                0x08001184   Section        0  stm32f4xx_hal_tim_ex.o(i.HAL_TIMEx_BreakCallback)
    i.HAL_TIMEx_CommutCallback               0x08001186   Section        0  stm32f4xx_hal_tim_ex.o(i.HAL_TIMEx_CommutCallback)
    i.HAL_TIM_Base_Init                      0x08001188   Section        0  stm32f4xx_hal_tim.o(i.HAL_TIM_Base_Init)
    i.HAL_TIM_Base_MspInit                   0x080011bc   Section        0  stm32f4xx_hal_tim.o(i.HAL_TIM_Base_MspInit)
    i.HAL_TIM_Base_Start_IT                  0x080011be   Section        0  stm32f4xx_hal_tim.o(i.HAL_TIM_Base_Start_IT)
    i.HAL_TIM_IC_CaptureCallback             0x080011e8   Section        0  stm32f4xx_hal_tim.o(i.HAL_TIM_IC_CaptureCallback)
    i.HAL_TIM_IRQHandler                     0x080011ea   Section        0  stm32f4xx_hal_tim.o(i.HAL_TIM_IRQHandler)
    i.HAL_TIM_OC_DelayElapsedCallback        0x08001380   Section        0  stm32f4xx_hal_tim.o(i.HAL_TIM_OC_DelayElapsedCallback)
    i.HAL_TIM_PWM_ConfigChannel              0x08001382   Section        0  stm32f4xx_hal_tim.o(i.HAL_TIM_PWM_ConfigChannel)
    i.HAL_TIM_PWM_Init                       0x0800148a   Section        0  stm32f4xx_hal_tim.o(i.HAL_TIM_PWM_Init)
    i.HAL_TIM_PWM_MspInit                    0x080014be   Section        0  stm32f4xx_hal_tim.o(i.HAL_TIM_PWM_MspInit)
    i.HAL_TIM_PWM_PulseFinishedCallback      0x080014c0   Section        0  stm32f4xx_hal_tim.o(i.HAL_TIM_PWM_PulseFinishedCallback)
    i.HAL_TIM_PWM_Start                      0x080014c4   Section        0  stm32f4xx_hal_tim.o(i.HAL_TIM_PWM_Start)
    i.HAL_TIM_PeriodElapsedCallback          0x0800151c   Section        0  main.o(i.HAL_TIM_PeriodElapsedCallback)
    i.HAL_TIM_TriggerCallback                0x08001534   Section        0  stm32f4xx_hal_tim.o(i.HAL_TIM_TriggerCallback)
    i.HAL_UART_Init                          0x08001536   Section        0  stm32f4xx_hal_uart.o(i.HAL_UART_Init)
    i.HAL_UART_MspInit                       0x080015a8   Section        0  usart.o(i.HAL_UART_MspInit)
    i.HAL_UART_Transmit                      0x08001630   Section        0  stm32f4xx_hal_uart.o(i.HAL_UART_Transmit)
    i.MX_GPIO_Init                           0x08001708   Section        0  gpio.o(i.MX_GPIO_Init)
    i.MX_USART1_UART_Init                    0x0800176c   Section        0  usart.o(i.MX_USART1_UART_Init)
    i.MemManage_Handler                      0x080017a4   Section        0  stm32f4xx_it.o(i.MemManage_Handler)
    i.NMI_Handler                            0x080017a8   Section        0  stm32f4xx_it.o(i.NMI_Handler)
    i.SPI_EndRxTxTransaction                 0x080017ac   Section        0  stm32f4xx_hal_spi.o(i.SPI_EndRxTxTransaction)
    SPI_EndRxTxTransaction                   0x080017ad   Thumb Code   100  stm32f4xx_hal_spi.o(i.SPI_EndRxTxTransaction)
    i.SPI_WaitFlagStateUntilTimeout          0x08001818   Section        0  stm32f4xx_hal_spi.o(i.SPI_WaitFlagStateUntilTimeout)
    SPI_WaitFlagStateUntilTimeout            0x08001819   Thumb Code   168  stm32f4xx_hal_spi.o(i.SPI_WaitFlagStateUntilTimeout)
    i.SVC_Handler                            0x080018c0   Section        0  stm32f4xx_it.o(i.SVC_Handler)
    i.SystemClock_Config                     0x080018c4   Section        0  main.o(i.SystemClock_Config)
    i.SystemInit                             0x08001984   Section        0  system_stm32f4xx.o(i.SystemInit)
    i.TIM6_DAC_IRQHandler                    0x080019a0   Section        0  stm32f4xx_it.o(i.TIM6_DAC_IRQHandler)
    i.TIM7_IRQHandler                        0x080019b0   Section        0  bsp_time.o(i.TIM7_IRQHandler)
    i.TIM_Base_SetConfig                     0x080019d8   Section        0  stm32f4xx_hal_tim.o(i.TIM_Base_SetConfig)
    i.TIM_CCxChannelCmd                      0x08001ab0   Section        0  stm32f4xx_hal_tim.o(i.TIM_CCxChannelCmd)
    i.TIM_OC1_SetConfig                      0x08001ad4   Section        0  stm32f4xx_hal_tim.o(i.TIM_OC1_SetConfig)
    TIM_OC1_SetConfig                        0x08001ad5   Thumb Code   104  stm32f4xx_hal_tim.o(i.TIM_OC1_SetConfig)
    i.TIM_OC2_SetConfig                      0x08001b44   Section        0  stm32f4xx_hal_tim.o(i.TIM_OC2_SetConfig)
    i.TIM_OC3_SetConfig                      0x08001bc0   Section        0  stm32f4xx_hal_tim.o(i.TIM_OC3_SetConfig)
    TIM_OC3_SetConfig                        0x08001bc1   Thumb Code   112  stm32f4xx_hal_tim.o(i.TIM_OC3_SetConfig)
    i.TIM_OC4_SetConfig                      0x08001c38   Section        0  stm32f4xx_hal_tim.o(i.TIM_OC4_SetConfig)
    TIM_OC4_SetConfig                        0x08001c39   Thumb Code    74  stm32f4xx_hal_tim.o(i.TIM_OC4_SetConfig)
    i.UART_SetConfig                         0x08001c8c   Section        0  stm32f4xx_hal_uart.o(i.UART_SetConfig)
    UART_SetConfig                           0x08001c8d   Thumb Code   992  stm32f4xx_hal_uart.o(i.UART_SetConfig)
    i.UART_WaitOnFlagUntilTimeout            0x08002074   Section        0  stm32f4xx_hal_uart.o(i.UART_WaitOnFlagUntilTimeout)
    UART_WaitOnFlagUntilTimeout              0x08002075   Thumb Code   108  stm32f4xx_hal_uart.o(i.UART_WaitOnFlagUntilTimeout)
    i.UsageFault_Handler                     0x080020e0   Section        0  stm32f4xx_it.o(i.UsageFault_Handler)
    i.W25QXX_erase_sector                    0x080020e4   Section        0  w25q64.o(i.W25QXX_erase_sector)
    i.W25QXX_read_buffer                     0x08002134   Section        0  w25q64.o(i.W25QXX_read_buffer)
    i.W25QXX_wait_busy                       0x08002188   Section        0  w25q64.o(i.W25QXX_wait_busy)
    i.W25QXX_write_buffer                    0x080021cc   Section        0  w25q64.o(i.W25QXX_write_buffer)
    i.W25QXX_write_enable                    0x080022f0   Section        0  w25q64.o(i.W25QXX_write_enable)
    i.W25QXX_write_page                      0x08002314   Section        0  w25q64.o(i.W25QXX_write_page)
    i.__0printf$5                            0x08002380   Section        0  printf5.o(i.__0printf$5)
    i.__NVIC_GetPriorityGrouping             0x080023a0   Section        0  stm32f4xx_hal_cortex.o(i.__NVIC_GetPriorityGrouping)
    __NVIC_GetPriorityGrouping               0x080023a1   Thumb Code    10  stm32f4xx_hal_cortex.o(i.__NVIC_GetPriorityGrouping)
    i.__NVIC_SetPriority                     0x080023b0   Section        0  stm32f4xx_hal_cortex.o(i.__NVIC_SetPriority)
    __NVIC_SetPriority                       0x080023b1   Thumb Code    32  stm32f4xx_hal_cortex.o(i.__NVIC_SetPriority)
    i.__scatterload_copy                     0x080023d8   Section       14  handlers.o(i.__scatterload_copy)
    i.__scatterload_null                     0x080023e6   Section        2  handlers.o(i.__scatterload_null)
    i.__scatterload_zeroinit                 0x080023e8   Section       14  handlers.o(i.__scatterload_zeroinit)
    i._printf_core                           0x080023f8   Section        0  printf5.o(i._printf_core)
    _printf_core                             0x080023f9   Thumb Code   658  printf5.o(i._printf_core)
    i.bsp_debug_usart_init                   0x080026b8   Section        0  debug_usart.o(i.bsp_debug_usart_init)
    i.bsp_led_pwm_mode_init                  0x080026c0   Section        0  bsp_led.o(i.bsp_led_pwm_mode_init)
    i.bsp_spi1_init                          0x08002790   Section        0  bsp_spi.o(i.bsp_spi1_init)
    i.bsp_spi1_read_write_data               0x08002860   Section        0  bsp_spi.o(i.bsp_spi1_read_write_data)
    i.bsp_w25qxx_init                        0x08002880   Section        0  w25q64.o(i.bsp_w25qxx_init)
    i.bsp_w25qxx_read_id                     0x08002998   Section        0  w25q64.o(i.bsp_w25qxx_read_id)
    i.bsp_w25qxx_read_write_byte             0x080029e8   Section        0  w25q64.o(i.bsp_w25qxx_read_write_byte)
    i.check_fs                               0x080029f8   Section        0  ff.o(i.check_fs)
    check_fs                                 0x080029f9   Thumb Code   114  ff.o(i.check_fs)
    i.create_partition                       0x08002a78   Section        0  ff.o(i.create_partition)
    create_partition                         0x08002a79   Thumb Code   348  ff.o(i.create_partition)
    i.disk_initialize                        0x08002bd4   Section        0  diskio.o(i.disk_initialize)
    i.disk_ioctl                             0x08002bfa   Section        0  diskio.o(i.disk_ioctl)
    i.disk_read                              0x08002c42   Section        0  diskio.o(i.disk_read)
    i.disk_status                            0x08002c84   Section        0  diskio.o(i.disk_status)
    i.disk_write                             0x08002cb8   Section        0  diskio.o(i.disk_write)
    i.f_mkfs                                 0x08002d04   Section        0  ff.o(i.f_mkfs)
    i.f_mount                                0x080033f8   Section        0  ff.o(i.f_mount)
    i.find_volume                            0x0800344c   Section        0  ff.o(i.find_volume)
    find_volume                              0x0800344d   Thumb Code   120  ff.o(i.find_volume)
    i.fputc                                  0x080034c4   Section        0  debug_usart.o(i.fputc)
    i.get_fattime                            0x080034e0   Section        0  ff.o(i.get_fattime)
    i.get_ldnumber                           0x080034e8   Section        0  ff.o(i.get_ldnumber)
    get_ldnumber                             0x080034e9   Thumb Code    78  ff.o(i.get_ldnumber)
    i.ld_dword                               0x08003536   Section        0  ff.o(i.ld_dword)
    ld_dword                                 0x08003537   Thumb Code    24  ff.o(i.ld_dword)
    i.ld_word                                0x0800354e   Section        0  ff.o(i.ld_word)
    ld_word                                  0x0800354f   Thumb Code    12  ff.o(i.ld_word)
    i.main                                   0x0800355c   Section        0  main.o(i.main)
    i.mem_cmp                                0x080036c0   Section        0  ff.o(i.mem_cmp)
    mem_cmp                                  0x080036c1   Thumb Code    36  ff.o(i.mem_cmp)
    i.mem_cpy                                0x080036e4   Section        0  ff.o(i.mem_cpy)
    mem_cpy                                  0x080036e5   Thumb Code    26  ff.o(i.mem_cpy)
    i.mem_set                                0x080036fe   Section        0  ff.o(i.mem_set)
    mem_set                                  0x080036ff   Thumb Code    18  ff.o(i.mem_set)
    i.mount_volume                           0x08003710   Section        0  ff.o(i.mount_volume)
    mount_volume                             0x08003711   Thumb Code   736  ff.o(i.mount_volume)
    i.move_window                            0x08003a04   Section        0  ff.o(i.move_window)
    move_window                              0x08003a05   Thumb Code    52  ff.o(i.move_window)
    i.st_dword                               0x08003a38   Section        0  ff.o(i.st_dword)
    st_dword                                 0x08003a39   Thumb Code    24  ff.o(i.st_dword)
    i.st_word                                0x08003a50   Section        0  ff.o(i.st_word)
    st_word                                  0x08003a51   Thumb Code    12  ff.o(i.st_word)
    i.sync_window                            0x08003a5c   Section        0  ff.o(i.sync_window)
    sync_window                              0x08003a5d   Thumb Code    74  ff.o(i.sync_window)
    i.w25qxx_flash_mode                      0x08003aa8   Section        0  w25q64.o(i.w25qxx_flash_mode)
    .constdata                               0x08003af4   Section       24  system_stm32f4xx.o(.constdata)
    .constdata                               0x08003b0c   Section       68  ff.o(.constdata)
    LfnOfs                                   0x08003b0c   Data          13  ff.o(.constdata)
    DbcTbl                                   0x08003b19   Data          10  ff.o(.constdata)
    cst                                      0x08003b24   Data          14  ff.o(.constdata)
    cst32                                    0x08003b32   Data          14  ff.o(.constdata)
    defopt                                   0x08003b40   Data          16  ff.o(.constdata)
    .conststring                             0x08003b50   Section      301  main.o(.conststring)
    .ARM.__AT_0x10000000                     0x10000000   Section    65536  my_malloc.o(.ARM.__AT_0x10000000)
    .ARM.__AT_0x10010000                     0x10010000   Section     4096  my_malloc.o(.ARM.__AT_0x10010000)
    .data                                    0x20000000   Section       21  main.o(.data)
    .data                                    0x20000018   Section        9  stm32f4xx_hal.o(.data)
    .data                                    0x20000024   Section        4  system_stm32f4xx.o(.data)
    .data                                    0x20000028   Section       10  ff.o(.data)
    FatFs                                    0x20000028   Data           8  ff.o(.data)
    Fsid                                     0x20000030   Data           2  ff.o(.data)
    .data                                    0x20000034   Section        4  stdout.o(.data)
    .bss                                     0x20000038   Section     9312  main.o(.bss)
    .bss                                     0x20002498   Section       64  usart.o(.bss)
    .bss                                     0x200024d8   Section       64  stm32f4xx_hal_timebase_tim.o(.bss)
    .bss                                     0x20002518   Section       64  bsp_led.o(.bss)
    .bss                                     0x20002558   Section      128  bsp_time.o(.bss)
    .bss                                     0x200025d8   Section       88  bsp_spi.o(.bss)
    STACK                                    0x20002630   Section     4096  startup_stm32f429xx.o(STACK)
    .ARM.__AT_0xD01F4000                     0xd01f4000   Section    2048000  my_malloc.o(.ARM.__AT_0xD01F4000)
    .ARM.__AT_0xD03E8000                     0xd03e8000   Section    128000  my_malloc.o(.ARM.__AT_0xD03E8000)

    Global Symbols

    Symbol Name                              Value     Ov Type        Size  Object(Section)

    BuildAttributes$$THM_ISAv4$E$P$D$K$B$S$7EM$VFPi3$EXTD16$VFPS$VFMA$PE$A:L22UL41UL21$X:L11$S22US41US21$IEEE1$IW$USESV6$~STKCKD$USESV7$~SHL$OSPACE$ROPI$EBA8$MICROLIB$REQ8$PRES8$EABIv2 0x00000000   Number         0  anon$$obj.o ABSOLUTE
    __ARM_use_no_argv                        0x00000000   Number         0  main.o ABSOLUTE
    _printf_a                                0x00000000   Number         0  stubs.o ABSOLUTE
    _printf_c                                0x00000000   Number         0  stubs.o ABSOLUTE
    _printf_charcount                        0x00000000   Number         0  stubs.o ABSOLUTE
    _printf_d                                0x00000000   Number         0  stubs.o ABSOLUTE
    _printf_e                                0x00000000   Number         0  stubs.o ABSOLUTE
    _printf_f                                0x00000000   Number         0  stubs.o ABSOLUTE
    _printf_flags                            0x00000000   Number         0  stubs.o ABSOLUTE
    _printf_fp_dec                           0x00000000   Number         0  stubs.o ABSOLUTE
    _printf_fp_hex                           0x00000000   Number         0  stubs.o ABSOLUTE
    _printf_g                                0x00000000   Number         0  stubs.o ABSOLUTE
    _printf_i                                0x00000000   Number         0  stubs.o ABSOLUTE
    _printf_int_dec                          0x00000000   Number         0  stubs.o ABSOLUTE
    _printf_l                                0x00000000   Number         0  stubs.o ABSOLUTE
    _printf_lc                               0x00000000   Number         0  stubs.o ABSOLUTE
    _printf_ll                               0x00000000   Number         0  stubs.o ABSOLUTE
    _printf_lld                              0x00000000   Number         0  stubs.o ABSOLUTE
    _printf_lli                              0x00000000   Number         0  stubs.o ABSOLUTE
    _printf_llo                              0x00000000   Number         0  stubs.o ABSOLUTE
    _printf_llu                              0x00000000   Number         0  stubs.o ABSOLUTE
    _printf_llx                              0x00000000   Number         0  stubs.o ABSOLUTE
    _printf_longlong_dec                     0x00000000   Number         0  stubs.o ABSOLUTE
    _printf_longlong_hex                     0x00000000   Number         0  stubs.o ABSOLUTE
    _printf_longlong_oct                     0x00000000   Number         0  stubs.o ABSOLUTE
    _printf_ls                               0x00000000   Number         0  stubs.o ABSOLUTE
    _printf_mbtowc                           0x00000000   Number         0  stubs.o ABSOLUTE
    _printf_n                                0x00000000   Number         0  stubs.o ABSOLUTE
    _printf_o                                0x00000000   Number         0  stubs.o ABSOLUTE
    _printf_p                                0x00000000   Number         0  stubs.o ABSOLUTE
    _printf_percent                          0x00000000   Number         0  stubs.o ABSOLUTE
    _printf_pre_padding                      0x00000000   Number         0  stubs.o ABSOLUTE
    _printf_return_value                     0x00000000   Number         0  stubs.o ABSOLUTE
    _printf_s                                0x00000000   Number         0  stubs.o ABSOLUTE
    _printf_sizespec                         0x00000000   Number         0  stubs.o ABSOLUTE
    _printf_str                              0x00000000   Number         0  stubs.o ABSOLUTE
    _printf_truncate_signed                  0x00000000   Number         0  stubs.o ABSOLUTE
    _printf_truncate_unsigned                0x00000000   Number         0  stubs.o ABSOLUTE
    _printf_u                                0x00000000   Number         0  stubs.o ABSOLUTE
    _printf_wc                               0x00000000   Number         0  stubs.o ABSOLUTE
    _printf_wctomb                           0x00000000   Number         0  stubs.o ABSOLUTE
    _printf_widthprec                        0x00000000   Number         0  stubs.o ABSOLUTE
    _printf_x                                0x00000000   Number         0  stubs.o ABSOLUTE
    __cpp_initialize__aeabi_                  - Undefined Weak Reference
    __cxa_finalize                            - Undefined Weak Reference
    __decompress                              - Undefined Weak Reference
    _clock_init                               - Undefined Weak Reference
    _microlib_exit                            - Undefined Weak Reference
    __Vectors_Size                           0x000001ac   Number         0  startup_stm32f429xx.o ABSOLUTE
    __Vectors                                0x08000000   Data           4  startup_stm32f429xx.o(RESET)
    __Vectors_End                            0x080001ac   Data           0  startup_stm32f429xx.o(RESET)
    __main                                   0x080001ad   Thumb Code     0  entry.o(.ARM.Collect$$$$00000000)
    _main_stk                                0x080001ad   Thumb Code     0  entry2.o(.ARM.Collect$$$$00000001)
    _main_scatterload                        0x080001b1   Thumb Code     0  entry5.o(.ARM.Collect$$$$00000004)
    __main_after_scatterload                 0x080001b5   Thumb Code     0  entry5.o(.ARM.Collect$$$$00000004)
    _main_clock                              0x080001b5   Thumb Code     0  entry7b.o(.ARM.Collect$$$$00000008)
    _main_cpp_init                           0x080001b5   Thumb Code     0  entry8b.o(.ARM.Collect$$$$0000000A)
    _main_init                               0x080001b5   Thumb Code     0  entry9a.o(.ARM.Collect$$$$0000000B)
    __rt_final_cpp                           0x080001bd   Thumb Code     0  entry10a.o(.ARM.Collect$$$$0000000D)
    __rt_final_exit                          0x080001bd   Thumb Code     0  entry11a.o(.ARM.Collect$$$$0000000F)
    Reset_Handler                            0x080001c1   Thumb Code     8  startup_stm32f429xx.o(.text)
    HardFault_Handler                        0x080001cb   Thumb Code     2  startup_stm32f429xx.o(.text)
    PendSV_Handler                           0x080001d7   Thumb Code     2  startup_stm32f429xx.o(.text)
    SysTick_Handler                          0x080001d9   Thumb Code     2  startup_stm32f429xx.o(.text)
    ADC_IRQHandler                           0x080001db   Thumb Code     0  startup_stm32f429xx.o(.text)
    CAN1_RX0_IRQHandler                      0x080001db   Thumb Code     0  startup_stm32f429xx.o(.text)
    CAN1_RX1_IRQHandler                      0x080001db   Thumb Code     0  startup_stm32f429xx.o(.text)
    CAN1_SCE_IRQHandler                      0x080001db   Thumb Code     0  startup_stm32f429xx.o(.text)
    CAN1_TX_IRQHandler                       0x080001db   Thumb Code     0  startup_stm32f429xx.o(.text)
    CAN2_RX0_IRQHandler                      0x080001db   Thumb Code     0  startup_stm32f429xx.o(.text)
    CAN2_RX1_IRQHandler                      0x080001db   Thumb Code     0  startup_stm32f429xx.o(.text)
    CAN2_SCE_IRQHandler                      0x080001db   Thumb Code     0  startup_stm32f429xx.o(.text)
    CAN2_TX_IRQHandler                       0x080001db   Thumb Code     0  startup_stm32f429xx.o(.text)
    DCMI_IRQHandler                          0x080001db   Thumb Code     0  startup_stm32f429xx.o(.text)
    DMA1_Stream0_IRQHandler                  0x080001db   Thumb Code     0  startup_stm32f429xx.o(.text)
    DMA1_Stream1_IRQHandler                  0x080001db   Thumb Code     0  startup_stm32f429xx.o(.text)
    DMA1_Stream2_IRQHandler                  0x080001db   Thumb Code     0  startup_stm32f429xx.o(.text)
    DMA1_Stream3_IRQHandler                  0x080001db   Thumb Code     0  startup_stm32f429xx.o(.text)
    DMA1_Stream4_IRQHandler                  0x080001db   Thumb Code     0  startup_stm32f429xx.o(.text)
    DMA1_Stream5_IRQHandler                  0x080001db   Thumb Code     0  startup_stm32f429xx.o(.text)
    DMA1_Stream6_IRQHandler                  0x080001db   Thumb Code     0  startup_stm32f429xx.o(.text)
    DMA1_Stream7_IRQHandler                  0x080001db   Thumb Code     0  startup_stm32f429xx.o(.text)
    DMA2D_IRQHandler                         0x080001db   Thumb Code     0  startup_stm32f429xx.o(.text)
    DMA2_Stream0_IRQHandler                  0x080001db   Thumb Code     0  startup_stm32f429xx.o(.text)
    DMA2_Stream1_IRQHandler                  0x080001db   Thumb Code     0  startup_stm32f429xx.o(.text)
    DMA2_Stream2_IRQHandler                  0x080001db   Thumb Code     0  startup_stm32f429xx.o(.text)
    DMA2_Stream3_IRQHandler                  0x080001db   Thumb Code     0  startup_stm32f429xx.o(.text)
    DMA2_Stream4_IRQHandler                  0x080001db   Thumb Code     0  startup_stm32f429xx.o(.text)
    DMA2_Stream5_IRQHandler                  0x080001db   Thumb Code     0  startup_stm32f429xx.o(.text)
    DMA2_Stream6_IRQHandler                  0x080001db   Thumb Code     0  startup_stm32f429xx.o(.text)
    DMA2_Stream7_IRQHandler                  0x080001db   Thumb Code     0  startup_stm32f429xx.o(.text)
    ETH_IRQHandler                           0x080001db   Thumb Code     0  startup_stm32f429xx.o(.text)
    ETH_WKUP_IRQHandler                      0x080001db   Thumb Code     0  startup_stm32f429xx.o(.text)
    EXTI0_IRQHandler                         0x080001db   Thumb Code     0  startup_stm32f429xx.o(.text)
    EXTI15_10_IRQHandler                     0x080001db   Thumb Code     0  startup_stm32f429xx.o(.text)
    EXTI1_IRQHandler                         0x080001db   Thumb Code     0  startup_stm32f429xx.o(.text)
    EXTI2_IRQHandler                         0x080001db   Thumb Code     0  startup_stm32f429xx.o(.text)
    EXTI3_IRQHandler                         0x080001db   Thumb Code     0  startup_stm32f429xx.o(.text)
    EXTI4_IRQHandler                         0x080001db   Thumb Code     0  startup_stm32f429xx.o(.text)
    EXTI9_5_IRQHandler                       0x080001db   Thumb Code     0  startup_stm32f429xx.o(.text)
    FLASH_IRQHandler                         0x080001db   Thumb Code     0  startup_stm32f429xx.o(.text)
    FMC_IRQHandler                           0x080001db   Thumb Code     0  startup_stm32f429xx.o(.text)
    FPU_IRQHandler                           0x080001db   Thumb Code     0  startup_stm32f429xx.o(.text)
    HASH_RNG_IRQHandler                      0x080001db   Thumb Code     0  startup_stm32f429xx.o(.text)
    I2C1_ER_IRQHandler                       0x080001db   Thumb Code     0  startup_stm32f429xx.o(.text)
    I2C1_EV_IRQHandler                       0x080001db   Thumb Code     0  startup_stm32f429xx.o(.text)
    I2C2_ER_IRQHandler                       0x080001db   Thumb Code     0  startup_stm32f429xx.o(.text)
    I2C2_EV_IRQHandler                       0x080001db   Thumb Code     0  startup_stm32f429xx.o(.text)
    I2C3_ER_IRQHandler                       0x080001db   Thumb Code     0  startup_stm32f429xx.o(.text)
    I2C3_EV_IRQHandler                       0x080001db   Thumb Code     0  startup_stm32f429xx.o(.text)
    LTDC_ER_IRQHandler                       0x080001db   Thumb Code     0  startup_stm32f429xx.o(.text)
    LTDC_IRQHandler                          0x080001db   Thumb Code     0  startup_stm32f429xx.o(.text)
    OTG_FS_IRQHandler                        0x080001db   Thumb Code     0  startup_stm32f429xx.o(.text)
    OTG_FS_WKUP_IRQHandler                   0x080001db   Thumb Code     0  startup_stm32f429xx.o(.text)
    OTG_HS_EP1_IN_IRQHandler                 0x080001db   Thumb Code     0  startup_stm32f429xx.o(.text)
    OTG_HS_EP1_OUT_IRQHandler                0x080001db   Thumb Code     0  startup_stm32f429xx.o(.text)
    OTG_HS_IRQHandler                        0x080001db   Thumb Code     0  startup_stm32f429xx.o(.text)
    OTG_HS_WKUP_IRQHandler                   0x080001db   Thumb Code     0  startup_stm32f429xx.o(.text)
    PVD_IRQHandler                           0x080001db   Thumb Code     0  startup_stm32f429xx.o(.text)
    RCC_IRQHandler                           0x080001db   Thumb Code     0  startup_stm32f429xx.o(.text)
    RTC_Alarm_IRQHandler                     0x080001db   Thumb Code     0  startup_stm32f429xx.o(.text)
    RTC_WKUP_IRQHandler                      0x080001db   Thumb Code     0  startup_stm32f429xx.o(.text)
    SAI1_IRQHandler                          0x080001db   Thumb Code     0  startup_stm32f429xx.o(.text)
    SDIO_IRQHandler                          0x080001db   Thumb Code     0  startup_stm32f429xx.o(.text)
    SPI1_IRQHandler                          0x080001db   Thumb Code     0  startup_stm32f429xx.o(.text)
    SPI2_IRQHandler                          0x080001db   Thumb Code     0  startup_stm32f429xx.o(.text)
    SPI3_IRQHandler                          0x080001db   Thumb Code     0  startup_stm32f429xx.o(.text)
    SPI4_IRQHandler                          0x080001db   Thumb Code     0  startup_stm32f429xx.o(.text)
    SPI5_IRQHandler                          0x080001db   Thumb Code     0  startup_stm32f429xx.o(.text)
    SPI6_IRQHandler                          0x080001db   Thumb Code     0  startup_stm32f429xx.o(.text)
    TAMP_STAMP_IRQHandler                    0x080001db   Thumb Code     0  startup_stm32f429xx.o(.text)
    TIM1_BRK_TIM9_IRQHandler                 0x080001db   Thumb Code     0  startup_stm32f429xx.o(.text)
    TIM1_CC_IRQHandler                       0x080001db   Thumb Code     0  startup_stm32f429xx.o(.text)
    TIM1_TRG_COM_TIM11_IRQHandler            0x080001db   Thumb Code     0  startup_stm32f429xx.o(.text)
    TIM1_UP_TIM10_IRQHandler                 0x080001db   Thumb Code     0  startup_stm32f429xx.o(.text)
    TIM2_IRQHandler                          0x080001db   Thumb Code     0  startup_stm32f429xx.o(.text)
    TIM3_IRQHandler                          0x080001db   Thumb Code     0  startup_stm32f429xx.o(.text)
    TIM4_IRQHandler                          0x080001db   Thumb Code     0  startup_stm32f429xx.o(.text)
    TIM5_IRQHandler                          0x080001db   Thumb Code     0  startup_stm32f429xx.o(.text)
    TIM8_BRK_TIM12_IRQHandler                0x080001db   Thumb Code     0  startup_stm32f429xx.o(.text)
    TIM8_CC_IRQHandler                       0x080001db   Thumb Code     0  startup_stm32f429xx.o(.text)
    TIM8_TRG_COM_TIM14_IRQHandler            0x080001db   Thumb Code     0  startup_stm32f429xx.o(.text)
    TIM8_UP_TIM13_IRQHandler                 0x080001db   Thumb Code     0  startup_stm32f429xx.o(.text)
    UART4_IRQHandler                         0x080001db   Thumb Code     0  startup_stm32f429xx.o(.text)
    UART5_IRQHandler                         0x080001db   Thumb Code     0  startup_stm32f429xx.o(.text)
    UART7_IRQHandler                         0x080001db   Thumb Code     0  startup_stm32f429xx.o(.text)
    UART8_IRQHandler                         0x080001db   Thumb Code     0  startup_stm32f429xx.o(.text)
    USART1_IRQHandler                        0x080001db   Thumb Code     0  startup_stm32f429xx.o(.text)
    USART2_IRQHandler                        0x080001db   Thumb Code     0  startup_stm32f429xx.o(.text)
    USART3_IRQHandler                        0x080001db   Thumb Code     0  startup_stm32f429xx.o(.text)
    USART6_IRQHandler                        0x080001db   Thumb Code     0  startup_stm32f429xx.o(.text)
    WWDG_IRQHandler                          0x080001db   Thumb Code     0  startup_stm32f429xx.o(.text)
    __aeabi_uldivmod                         0x080001e5   Thumb Code    98  uldiv.o(.text)
    __aeabi_memset                           0x08000247   Thumb Code    14  memseta.o(.text)
    __aeabi_memset4                          0x08000247   Thumb Code     0  memseta.o(.text)
    __aeabi_memset8                          0x08000247   Thumb Code     0  memseta.o(.text)
    __aeabi_memclr                           0x08000255   Thumb Code     4  memseta.o(.text)
    __aeabi_memclr4                          0x08000255   Thumb Code     0  memseta.o(.text)
    __aeabi_memclr8                          0x08000255   Thumb Code     0  memseta.o(.text)
    _memset$wrapper                          0x08000259   Thumb Code    18  memseta.o(.text)
    __aeabi_llsl                             0x0800026b   Thumb Code    30  llshl.o(.text)
    _ll_shift_l                              0x0800026b   Thumb Code     0  llshl.o(.text)
    __aeabi_llsr                             0x08000289   Thumb Code    32  llushr.o(.text)
    _ll_ushift_r                             0x08000289   Thumb Code     0  llushr.o(.text)
    __scatterload                            0x080002a9   Thumb Code    28  init.o(.text)
    __scatterload_rt2                        0x080002a9   Thumb Code     0  init.o(.text)
    BusFault_Handler                         0x080002cd   Thumb Code     4  stm32f4xx_it.o(i.BusFault_Handler)
    DebugMon_Handler                         0x080002d1   Thumb Code     2  stm32f4xx_it.o(i.DebugMon_Handler)
    Error_Handler                            0x080002d3   Thumb Code     2  main.o(i.Error_Handler)
    HAL_GPIO_Init                            0x080002d5   Thumb Code   486  stm32f4xx_hal_gpio.o(i.HAL_GPIO_Init)
    HAL_GPIO_WritePin                        0x080004f1   Thumb Code    12  stm32f4xx_hal_gpio.o(i.HAL_GPIO_WritePin)
    HAL_GetTick                              0x080004fd   Thumb Code     6  stm32f4xx_hal.o(i.HAL_GetTick)
    HAL_IncTick                              0x08000509   Thumb Code    16  stm32f4xx_hal.o(i.HAL_IncTick)
    HAL_Init                                 0x08000521   Thumb Code    54  stm32f4xx_hal.o(i.HAL_Init)
    HAL_InitTick                             0x0800055d   Thumb Code   122  stm32f4xx_hal_timebase_tim.o(i.HAL_InitTick)
    HAL_MspInit                              0x080005e9   Thumb Code    68  stm32f4xx_hal_msp.o(i.HAL_MspInit)
    HAL_NVIC_EnableIRQ                       0x08000631   Thumb Code    32  stm32f4xx_hal_cortex.o(i.HAL_NVIC_EnableIRQ)
    HAL_NVIC_SetPriority                     0x08000651   Thumb Code   124  stm32f4xx_hal_cortex.o(i.HAL_NVIC_SetPriority)
    HAL_NVIC_SetPriorityGrouping             0x080006cd   Thumb Code    32  stm32f4xx_hal_cortex.o(i.HAL_NVIC_SetPriorityGrouping)
    HAL_PWREx_EnableOverDrive                0x080006f5   Thumb Code   128  stm32f4xx_hal_pwr_ex.o(i.HAL_PWREx_EnableOverDrive)
    HAL_RCC_ClockConfig                      0x08000781   Thumb Code   368  stm32f4xx_hal_rcc.o(i.HAL_RCC_ClockConfig)
    HAL_RCC_GetClockConfig                   0x08000905   Thumb Code    58  stm32f4xx_hal_rcc.o(i.HAL_RCC_GetClockConfig)
    HAL_RCC_GetHCLKFreq                      0x08000949   Thumb Code     6  stm32f4xx_hal_rcc.o(i.HAL_RCC_GetHCLKFreq)
    HAL_RCC_GetPCLK1Freq                     0x08000955   Thumb Code    22  stm32f4xx_hal_rcc.o(i.HAL_RCC_GetPCLK1Freq)
    HAL_RCC_GetPCLK2Freq                     0x08000975   Thumb Code    22  stm32f4xx_hal_rcc.o(i.HAL_RCC_GetPCLK2Freq)
    HAL_RCC_GetSysClockFreq                  0x08000995   Thumb Code   162  stm32f4xx_hal_rcc.o(i.HAL_RCC_GetSysClockFreq)
    HAL_RCC_OscConfig                        0x08000a45   Thumb Code  1152  stm32f4xx_hal_rcc.o(i.HAL_RCC_OscConfig)
    HAL_SPI_Init                             0x08000ecd   Thumb Code   140  stm32f4xx_hal_spi.o(i.HAL_SPI_Init)
    HAL_SPI_MspInit                          0x08000f59   Thumb Code     2  stm32f4xx_hal_spi.o(i.HAL_SPI_MspInit)
    HAL_SPI_TransmitReceive                  0x08000f5b   Thumb Code   554  stm32f4xx_hal_spi.o(i.HAL_SPI_TransmitReceive)
    HAL_TIMEx_BreakCallback                  0x08001185   Thumb Code     2  stm32f4xx_hal_tim_ex.o(i.HAL_TIMEx_BreakCallback)
    HAL_TIMEx_CommutCallback                 0x08001187   Thumb Code     2  stm32f4xx_hal_tim_ex.o(i.HAL_TIMEx_CommutCallback)
    HAL_TIM_Base_Init                        0x08001189   Thumb Code    52  stm32f4xx_hal_tim.o(i.HAL_TIM_Base_Init)
    HAL_TIM_Base_MspInit                     0x080011bd   Thumb Code     2  stm32f4xx_hal_tim.o(i.HAL_TIM_Base_MspInit)
    HAL_TIM_Base_Start_IT                    0x080011bf   Thumb Code    42  stm32f4xx_hal_tim.o(i.HAL_TIM_Base_Start_IT)
    HAL_TIM_IC_CaptureCallback               0x080011e9   Thumb Code     2  stm32f4xx_hal_tim.o(i.HAL_TIM_IC_CaptureCallback)
    HAL_TIM_IRQHandler                       0x080011eb   Thumb Code   406  stm32f4xx_hal_tim.o(i.HAL_TIM_IRQHandler)
    HAL_TIM_OC_DelayElapsedCallback          0x08001381   Thumb Code     2  stm32f4xx_hal_tim.o(i.HAL_TIM_OC_DelayElapsedCallback)
    HAL_TIM_PWM_ConfigChannel                0x08001383   Thumb Code   264  stm32f4xx_hal_tim.o(i.HAL_TIM_PWM_ConfigChannel)
    HAL_TIM_PWM_Init                         0x0800148b   Thumb Code    52  stm32f4xx_hal_tim.o(i.HAL_TIM_PWM_Init)
    HAL_TIM_PWM_MspInit                      0x080014bf   Thumb Code     2  stm32f4xx_hal_tim.o(i.HAL_TIM_PWM_MspInit)
    HAL_TIM_PWM_PulseFinishedCallback        0x080014c1   Thumb Code     2  stm32f4xx_hal_tim.o(i.HAL_TIM_PWM_PulseFinishedCallback)
    HAL_TIM_PWM_Start                        0x080014c5   Thumb Code    80  stm32f4xx_hal_tim.o(i.HAL_TIM_PWM_Start)
    HAL_TIM_PeriodElapsedCallback            0x0800151d   Thumb Code    18  main.o(i.HAL_TIM_PeriodElapsedCallback)
    HAL_TIM_TriggerCallback                  0x08001535   Thumb Code     2  stm32f4xx_hal_tim.o(i.HAL_TIM_TriggerCallback)
    HAL_UART_Init                            0x08001537   Thumb Code   114  stm32f4xx_hal_uart.o(i.HAL_UART_Init)
    HAL_UART_MspInit                         0x080015a9   Thumb Code   124  usart.o(i.HAL_UART_MspInit)
    HAL_UART_Transmit                        0x08001631   Thumb Code   216  stm32f4xx_hal_uart.o(i.HAL_UART_Transmit)
    MX_GPIO_Init                             0x08001709   Thumb Code    96  gpio.o(i.MX_GPIO_Init)
    MX_USART1_UART_Init                      0x0800176d   Thumb Code    46  usart.o(i.MX_USART1_UART_Init)
    MemManage_Handler                        0x080017a5   Thumb Code     4  stm32f4xx_it.o(i.MemManage_Handler)
    NMI_Handler                              0x080017a9   Thumb Code     2  stm32f4xx_it.o(i.NMI_Handler)
    SVC_Handler                              0x080018c1   Thumb Code     2  stm32f4xx_it.o(i.SVC_Handler)
    SystemClock_Config                       0x080018c5   Thumb Code   184  main.o(i.SystemClock_Config)
    SystemInit                               0x08001985   Thumb Code    24  system_stm32f4xx.o(i.SystemInit)
    TIM6_DAC_IRQHandler                      0x080019a1   Thumb Code    10  stm32f4xx_it.o(i.TIM6_DAC_IRQHandler)
    TIM7_IRQHandler                          0x080019b1   Thumb Code    36  bsp_time.o(i.TIM7_IRQHandler)
    TIM_Base_SetConfig                       0x080019d9   Thumb Code   170  stm32f4xx_hal_tim.o(i.TIM_Base_SetConfig)
    TIM_CCxChannelCmd                        0x08001ab1   Thumb Code    34  stm32f4xx_hal_tim.o(i.TIM_CCxChannelCmd)
    TIM_OC2_SetConfig                        0x08001b45   Thumb Code   114  stm32f4xx_hal_tim.o(i.TIM_OC2_SetConfig)
    UsageFault_Handler                       0x080020e1   Thumb Code     4  stm32f4xx_it.o(i.UsageFault_Handler)
    W25QXX_erase_sector                      0x080020e5   Thumb Code    74  w25q64.o(i.W25QXX_erase_sector)
    W25QXX_read_buffer                       0x08002135   Thumb Code    80  w25q64.o(i.W25QXX_read_buffer)
    W25QXX_wait_busy                         0x08002189   Thumb Code    64  w25q64.o(i.W25QXX_wait_busy)
    W25QXX_write_buffer                      0x080021cd   Thumb Code   290  w25q64.o(i.W25QXX_write_buffer)
    W25QXX_write_enable                      0x080022f1   Thumb Code    32  w25q64.o(i.W25QXX_write_enable)
    W25QXX_write_page                        0x08002315   Thumb Code   104  w25q64.o(i.W25QXX_write_page)
    __0printf$5                              0x08002381   Thumb Code    22  printf5.o(i.__0printf$5)
    __1printf$5                              0x08002381   Thumb Code     0  printf5.o(i.__0printf$5)
    __2printf                                0x08002381   Thumb Code     0  printf5.o(i.__0printf$5)
    __scatterload_copy                       0x080023d9   Thumb Code    14  handlers.o(i.__scatterload_copy)
    __scatterload_null                       0x080023e7   Thumb Code     2  handlers.o(i.__scatterload_null)
    __scatterload_zeroinit                   0x080023e9   Thumb Code    14  handlers.o(i.__scatterload_zeroinit)
    bsp_debug_usart_init                     0x080026b9   Thumb Code     8  debug_usart.o(i.bsp_debug_usart_init)
    bsp_led_pwm_mode_init                    0x080026c1   Thumb Code   190  bsp_led.o(i.bsp_led_pwm_mode_init)
    bsp_spi1_init                            0x08002791   Thumb Code   190  bsp_spi.o(i.bsp_spi1_init)
    bsp_spi1_read_write_data                 0x08002861   Thumb Code    28  bsp_spi.o(i.bsp_spi1_read_write_data)
    bsp_w25qxx_init                          0x08002881   Thumb Code   134  w25q64.o(i.bsp_w25qxx_init)
    bsp_w25qxx_read_id                       0x08002999   Thumb Code    74  w25q64.o(i.bsp_w25qxx_read_id)
    bsp_w25qxx_read_write_byte               0x080029e9   Thumb Code    16  w25q64.o(i.bsp_w25qxx_read_write_byte)
    disk_initialize                          0x08002bd5   Thumb Code    38  diskio.o(i.disk_initialize)
    disk_ioctl                               0x08002bfb   Thumb Code    72  diskio.o(i.disk_ioctl)
    disk_read                                0x08002c43   Thumb Code    64  diskio.o(i.disk_read)
    disk_status                              0x08002c85   Thumb Code    48  diskio.o(i.disk_status)
    disk_write                               0x08002cb9   Thumb Code    74  diskio.o(i.disk_write)
    f_mkfs                                   0x08002d05   Thumb Code  1726  ff.o(i.f_mkfs)
    f_mount                                  0x080033f9   Thumb Code    80  ff.o(i.f_mount)
    fputc                                    0x080034c5   Thumb Code    22  debug_usart.o(i.fputc)
    get_fattime                              0x080034e1   Thumb Code     4  ff.o(i.get_fattime)
    main                                     0x0800355d   Thumb Code   200  main.o(i.main)
    w25qxx_flash_mode                        0x08003aa9   Thumb Code    70  w25q64.o(i.w25qxx_flash_mode)
    AHBPrescTable                            0x08003af4   Data          16  system_stm32f4xx.o(.constdata)
    APBPrescTable                            0x08003b04   Data           8  system_stm32f4xx.o(.constdata)
    Region$$Table$$Base                      0x08003c80   Number         0  anon$$obj.o(Region$$Table)
    Region$$Table$$Limit                     0x08003ca0   Number         0  anon$$obj.o(Region$$Table)
    mem_on_chip_ccm_base                     0x10000000   Data       65536  my_malloc.o(.ARM.__AT_0x10000000)
    mem_on_chip_ccm_map_base                 0x10010000   Data        4096  my_malloc.o(.ARM.__AT_0x10010000)
    res_flash                                0x20000000   Data           1  main.o(.data)
    fnum                                     0x20000004   Data           4  main.o(.data)
    WriteBuffer                              0x20000008   Data          13  main.o(.data)
    uwTick                                   0x20000018   Data           4  stm32f4xx_hal.o(.data)
    uwTickPrio                               0x2000001c   Data           4  stm32f4xx_hal.o(.data)
    uwTickFreq                               0x20000020   Data           1  stm32f4xx_hal.o(.data)
    SystemCoreClock                          0x20000024   Data           4  system_stm32f4xx.o(.data)
    __stdout                                 0x20000034   Data           4  stdout.o(.data)
    fs                                       0x20000038   Data        4152  main.o(.bss)
    fnew                                     0x20001070   Data        4136  main.o(.bss)
    ReadBuffer                               0x20002098   Data        1024  main.o(.bss)
    huart1                                   0x20002498   Data          64  usart.o(.bss)
    htim6                                    0x200024d8   Data          64  stm32f4xx_hal_timebase_tim.o(.bss)
    htim5                                    0x20002518   Data          64  bsp_led.o(.bss)
    htim7                                    0x20002558   Data          64  bsp_time.o(.bss)
    htim1                                    0x20002598   Data          64  bsp_time.o(.bss)
    hspi5                                    0x200025d8   Data          88  bsp_spi.o(.bss)
    __initial_sp                             0x20003630   Data           0  startup_stm32f429xx.o(STACK)
    mem_sdram_base                           0xd01f4000   Data       2048000  my_malloc.o(.ARM.__AT_0xD01F4000)
    mem_sdram_map_base                       0xd03e8000   Data       128000  my_malloc.o(.ARM.__AT_0xD03E8000)



==============================================================================

Memory Map of the image

  Image Entry point : 0x080001ad

  Load Region LR_IROM1 (Base: 0x08000000, Size: 0x00003cd8, Max: 0x00100000, ABSOLUTE)

    Execution Region ER_IROM1 (Exec base: 0x08000000, Load base: 0x08000000, Size: 0x00003ca0, Max: 0x00100000, ABSOLUTE)

    Exec Addr    Load Addr    Size         Type   Attr      Idx    E Section Name        Object

    0x08000000   0x08000000   0x000001ac   Data   RO            3    RESET               startup_stm32f429xx.o
    0x080001ac   0x080001ac   0x00000000   Code   RO         6378  * .ARM.Collect$$$$00000000  mc_w.l(entry.o)
    0x080001ac   0x080001ac   0x00000004   Code   RO         6650    .ARM.Collect$$$$00000001  mc_w.l(entry2.o)
    0x080001b0   0x080001b0   0x00000004   Code   RO         6653    .ARM.Collect$$$$00000004  mc_w.l(entry5.o)
    0x080001b4   0x080001b4   0x00000000   Code   RO         6655    .ARM.Collect$$$$00000008  mc_w.l(entry7b.o)
    0x080001b4   0x080001b4   0x00000000   Code   RO         6657    .ARM.Collect$$$$0000000A  mc_w.l(entry8b.o)
    0x080001b4   0x080001b4   0x00000008   Code   RO         6658    .ARM.Collect$$$$0000000B  mc_w.l(entry9a.o)
    0x080001bc   0x080001bc   0x00000000   Code   RO         6660    .ARM.Collect$$$$0000000D  mc_w.l(entry10a.o)
    0x080001bc   0x080001bc   0x00000000   Code   RO         6662    .ARM.Collect$$$$0000000F  mc_w.l(entry11a.o)
    0x080001bc   0x080001bc   0x00000004   Code   RO         6651    .ARM.Collect$$$$00002712  mc_w.l(entry2.o)
    0x080001c0   0x080001c0   0x00000024   Code   RO            4    .text               startup_stm32f429xx.o
    0x080001e4   0x080001e4   0x00000062   Code   RO         6381    .text               mc_w.l(uldiv.o)
    0x08000246   0x08000246   0x00000024   Code   RO         6385    .text               mc_w.l(memseta.o)
    0x0800026a   0x0800026a   0x0000001e   Code   RO         6667    .text               mc_w.l(llshl.o)
    0x08000288   0x08000288   0x00000020   Code   RO         6669    .text               mc_w.l(llushr.o)
    0x080002a8   0x080002a8   0x00000024   Code   RO         6682    .text               mc_w.l(init.o)
    0x080002cc   0x080002cc   0x00000004   Code   RO          376    i.BusFault_Handler  stm32f4xx_it.o
    0x080002d0   0x080002d0   0x00000002   Code   RO          377    i.DebugMon_Handler  stm32f4xx_it.o
    0x080002d2   0x080002d2   0x00000002   Code   RO           13    i.Error_Handler     main.o
    0x080002d4   0x080002d4   0x0000021c   Code   RO         2230    i.HAL_GPIO_Init     stm32f4xx_hal_gpio.o
    0x080004f0   0x080004f0   0x0000000c   Code   RO         2234    i.HAL_GPIO_WritePin  stm32f4xx_hal_gpio.o
    0x080004fc   0x080004fc   0x0000000c   Code   RO         2787    i.HAL_GetTick       stm32f4xx_hal.o
    0x08000508   0x08000508   0x00000018   Code   RO         2793    i.HAL_IncTick       stm32f4xx_hal.o
    0x08000520   0x08000520   0x0000003c   Code   RO         2794    i.HAL_Init          stm32f4xx_hal.o
    0x0800055c   0x0800055c   0x0000008c   Code   RO          464    i.HAL_InitTick      stm32f4xx_hal_timebase_tim.o
    0x080005e8   0x080005e8   0x00000048   Code   RO          440    i.HAL_MspInit       stm32f4xx_hal_msp.o
    0x08000630   0x08000630   0x00000020   Code   RO         2637    i.HAL_NVIC_EnableIRQ  stm32f4xx_hal_cortex.o
    0x08000650   0x08000650   0x0000007c   Code   RO         2643    i.HAL_NVIC_SetPriority  stm32f4xx_hal_cortex.o
    0x080006cc   0x080006cc   0x00000028   Code   RO         2644    i.HAL_NVIC_SetPriorityGrouping  stm32f4xx_hal_cortex.o
    0x080006f4   0x080006f4   0x0000008c   Code   RO         2566    i.HAL_PWREx_EnableOverDrive  stm32f4xx_hal_pwr_ex.o
    0x08000780   0x08000780   0x00000184   Code   RO         1774    i.HAL_RCC_ClockConfig  stm32f4xx_hal_rcc.o
    0x08000904   0x08000904   0x00000044   Code   RO         1778    i.HAL_RCC_GetClockConfig  stm32f4xx_hal_rcc.o
    0x08000948   0x08000948   0x0000000c   Code   RO         1779    i.HAL_RCC_GetHCLKFreq  stm32f4xx_hal_rcc.o
    0x08000954   0x08000954   0x00000020   Code   RO         1781    i.HAL_RCC_GetPCLK1Freq  stm32f4xx_hal_rcc.o
    0x08000974   0x08000974   0x00000020   Code   RO         1782    i.HAL_RCC_GetPCLK2Freq  stm32f4xx_hal_rcc.o
    0x08000994   0x08000994   0x000000b0   Code   RO         1783    i.HAL_RCC_GetSysClockFreq  stm32f4xx_hal_rcc.o
    0x08000a44   0x08000a44   0x00000488   Code   RO         1786    i.HAL_RCC_OscConfig  stm32f4xx_hal_rcc.o
    0x08000ecc   0x08000ecc   0x0000008c   Code   RO         4645    i.HAL_SPI_Init      stm32f4xx_hal_spi.o
    0x08000f58   0x08000f58   0x00000002   Code   RO         4647    i.HAL_SPI_MspInit   stm32f4xx_hal_spi.o
    0x08000f5a   0x08000f5a   0x0000022a   Code   RO         4654    i.HAL_SPI_TransmitReceive  stm32f4xx_hal_spi.o
    0x08001184   0x08001184   0x00000002   Code   RO         1191    i.HAL_TIMEx_BreakCallback  stm32f4xx_hal_tim_ex.o
    0x08001186   0x08001186   0x00000002   Code   RO         1192    i.HAL_TIMEx_CommutCallback  stm32f4xx_hal_tim_ex.o
    0x08001188   0x08001188   0x00000034   Code   RO          505    i.HAL_TIM_Base_Init  stm32f4xx_hal_tim.o
    0x080011bc   0x080011bc   0x00000002   Code   RO          507    i.HAL_TIM_Base_MspInit  stm32f4xx_hal_tim.o
    0x080011be   0x080011be   0x0000002a   Code   RO          510    i.HAL_TIM_Base_Start_IT  stm32f4xx_hal_tim.o
    0x080011e8   0x080011e8   0x00000002   Code   RO          534    i.HAL_TIM_IC_CaptureCallback  stm32f4xx_hal_tim.o
    0x080011ea   0x080011ea   0x00000196   Code   RO          548    i.HAL_TIM_IRQHandler  stm32f4xx_hal_tim.o
    0x08001380   0x08001380   0x00000002   Code   RO          551    i.HAL_TIM_OC_DelayElapsedCallback  stm32f4xx_hal_tim.o
    0x08001382   0x08001382   0x00000108   Code   RO          572    i.HAL_TIM_PWM_ConfigChannel  stm32f4xx_hal_tim.o
    0x0800148a   0x0800148a   0x00000034   Code   RO          575    i.HAL_TIM_PWM_Init  stm32f4xx_hal_tim.o
    0x080014be   0x080014be   0x00000002   Code   RO          577    i.HAL_TIM_PWM_MspInit  stm32f4xx_hal_tim.o
    0x080014c0   0x080014c0   0x00000002   Code   RO          578    i.HAL_TIM_PWM_PulseFinishedCallback  stm32f4xx_hal_tim.o
    0x080014c2   0x080014c2   0x00000002   PAD
    0x080014c4   0x080014c4   0x00000058   Code   RO          580    i.HAL_TIM_PWM_Start  stm32f4xx_hal_tim.o
    0x0800151c   0x0800151c   0x00000018   Code   RO           14    i.HAL_TIM_PeriodElapsedCallback  main.o
    0x08001534   0x08001534   0x00000002   Code   RO          591    i.HAL_TIM_TriggerCallback  stm32f4xx_hal_tim.o
    0x08001536   0x08001536   0x00000072   Code   RO         1467    i.HAL_UART_Init     stm32f4xx_hal_uart.o
    0x080015a8   0x080015a8   0x00000088   Code   RO          335    i.HAL_UART_MspInit  usart.o
    0x08001630   0x08001630   0x000000d8   Code   RO         1475    i.HAL_UART_Transmit  stm32f4xx_hal_uart.o
    0x08001708   0x08001708   0x00000064   Code   RO          310    i.MX_GPIO_Init      gpio.o
    0x0800176c   0x0800176c   0x00000038   Code   RO          336    i.MX_USART1_UART_Init  usart.o
    0x080017a4   0x080017a4   0x00000004   Code   RO          378    i.MemManage_Handler  stm32f4xx_it.o
    0x080017a8   0x080017a8   0x00000002   Code   RO          379    i.NMI_Handler       stm32f4xx_it.o
    0x080017aa   0x080017aa   0x00000002   PAD
    0x080017ac   0x080017ac   0x0000006c   Code   RO         4683    i.SPI_EndRxTxTransaction  stm32f4xx_hal_spi.o
    0x08001818   0x08001818   0x000000a8   Code   RO         4688    i.SPI_WaitFlagStateUntilTimeout  stm32f4xx_hal_spi.o
    0x080018c0   0x080018c0   0x00000002   Code   RO          380    i.SVC_Handler       stm32f4xx_it.o
    0x080018c2   0x080018c2   0x00000002   PAD
    0x080018c4   0x080018c4   0x000000c0   Code   RO           15    i.SystemClock_Config  main.o
    0x08001984   0x08001984   0x0000001c   Code   RO         4957    i.SystemInit        system_stm32f4xx.o
    0x080019a0   0x080019a0   0x00000010   Code   RO          381    i.TIM6_DAC_IRQHandler  stm32f4xx_it.o
    0x080019b0   0x080019b0   0x00000028   Code   RO         5225    i.TIM7_IRQHandler   bsp_time.o
    0x080019d8   0x080019d8   0x000000d8   Code   RO          593    i.TIM_Base_SetConfig  stm32f4xx_hal_tim.o
    0x08001ab0   0x08001ab0   0x00000022   Code   RO          594    i.TIM_CCxChannelCmd  stm32f4xx_hal_tim.o
    0x08001ad2   0x08001ad2   0x00000002   PAD
    0x08001ad4   0x08001ad4   0x00000070   Code   RO          606    i.TIM_OC1_SetConfig  stm32f4xx_hal_tim.o
    0x08001b44   0x08001b44   0x0000007c   Code   RO          607    i.TIM_OC2_SetConfig  stm32f4xx_hal_tim.o
    0x08001bc0   0x08001bc0   0x00000078   Code   RO          608    i.TIM_OC3_SetConfig  stm32f4xx_hal_tim.o
    0x08001c38   0x08001c38   0x00000054   Code   RO          609    i.TIM_OC4_SetConfig  stm32f4xx_hal_tim.o
    0x08001c8c   0x08001c8c   0x000003e8   Code   RO         1494    i.UART_SetConfig    stm32f4xx_hal_uart.o
    0x08002074   0x08002074   0x0000006c   Code   RO         1496    i.UART_WaitOnFlagUntilTimeout  stm32f4xx_hal_uart.o
    0x080020e0   0x080020e0   0x00000004   Code   RO          382    i.UsageFault_Handler  stm32f4xx_it.o
    0x080020e4   0x080020e4   0x00000050   Code   RO         5869    i.W25QXX_erase_sector  w25q64.o
    0x08002134   0x08002134   0x00000054   Code   RO         5870    i.W25QXX_read_buffer  w25q64.o
    0x08002188   0x08002188   0x00000044   Code   RO         5871    i.W25QXX_wait_busy  w25q64.o
    0x080021cc   0x080021cc   0x00000122   Code   RO         5872    i.W25QXX_write_buffer  w25q64.o
    0x080022ee   0x080022ee   0x00000002   PAD
    0x080022f0   0x080022f0   0x00000024   Code   RO         5873    i.W25QXX_write_enable  w25q64.o
    0x08002314   0x08002314   0x0000006c   Code   RO         5874    i.W25QXX_write_page  w25q64.o
    0x08002380   0x08002380   0x00000020   Code   RO         6522    i.__0printf$5       mc_w.l(printf5.o)
    0x080023a0   0x080023a0   0x00000010   Code   RO         2650    i.__NVIC_GetPriorityGrouping  stm32f4xx_hal_cortex.o
    0x080023b0   0x080023b0   0x00000028   Code   RO         2651    i.__NVIC_SetPriority  stm32f4xx_hal_cortex.o
    0x080023d8   0x080023d8   0x0000000e   Code   RO         6690    i.__scatterload_copy  mc_w.l(handlers.o)
    0x080023e6   0x080023e6   0x00000002   Code   RO         6691    i.__scatterload_null  mc_w.l(handlers.o)
    0x080023e8   0x080023e8   0x0000000e   Code   RO         6692    i.__scatterload_zeroinit  mc_w.l(handlers.o)
    0x080023f6   0x080023f6   0x00000002   PAD
    0x080023f8   0x080023f8   0x000002c0   Code   RO         6529    i._printf_core      mc_w.l(printf5.o)
    0x080026b8   0x080026b8   0x00000008   Code   RO         5105    i.bsp_debug_usart_init  debug_usart.o
    0x080026c0   0x080026c0   0x000000d0   Code   RO         4996    i.bsp_led_pwm_mode_init  bsp_led.o
    0x08002790   0x08002790   0x000000d0   Code   RO         5832    i.bsp_spi1_init     bsp_spi.o
    0x08002860   0x08002860   0x00000020   Code   RO         5833    i.bsp_spi1_read_write_data  bsp_spi.o
    0x08002880   0x08002880   0x00000118   Code   RO         5875    i.bsp_w25qxx_init   w25q64.o
    0x08002998   0x08002998   0x00000050   Code   RO         5876    i.bsp_w25qxx_read_id  w25q64.o
    0x080029e8   0x080029e8   0x00000010   Code   RO         5877    i.bsp_w25qxx_read_write_byte  w25q64.o
    0x080029f8   0x080029f8   0x00000080   Code   RO         6003    i.check_fs          ff.o
    0x08002a78   0x08002a78   0x0000015c   Code   RO         6009    i.create_partition  ff.o
    0x08002bd4   0x08002bd4   0x00000026   Code   RO         5952    i.disk_initialize   diskio.o
    0x08002bfa   0x08002bfa   0x00000048   Code   RO         5953    i.disk_ioctl        diskio.o
    0x08002c42   0x08002c42   0x00000040   Code   RO         5954    i.disk_read         diskio.o
    0x08002c82   0x08002c82   0x00000002   PAD
    0x08002c84   0x08002c84   0x00000034   Code   RO         5955    i.disk_status       diskio.o
    0x08002cb8   0x08002cb8   0x0000004a   Code   RO         5956    i.disk_write        diskio.o
    0x08002d02   0x08002d02   0x00000002   PAD
    0x08002d04   0x08002d04   0x000006f4   Code   RO         6025    i.f_mkfs            ff.o
    0x080033f8   0x080033f8   0x00000054   Code   RO         6026    i.f_mount           ff.o
    0x0800344c   0x0800344c   0x00000078   Code   RO         6037    i.find_volume       ff.o
    0x080034c4   0x080034c4   0x0000001c   Code   RO         5106    i.fputc             debug_usart.o
    0x080034e0   0x080034e0   0x00000008   Code   RO         6041    i.get_fattime       ff.o
    0x080034e8   0x080034e8   0x0000004e   Code   RO         6043    i.get_ldnumber      ff.o
    0x08003536   0x08003536   0x00000018   Code   RO         6045    i.ld_dword          ff.o
    0x0800354e   0x0800354e   0x0000000c   Code   RO         6046    i.ld_word           ff.o
    0x0800355a   0x0800355a   0x00000002   PAD
    0x0800355c   0x0800355c   0x00000164   Code   RO           16    i.main              main.o
    0x080036c0   0x080036c0   0x00000024   Code   RO         6047    i.mem_cmp           ff.o
    0x080036e4   0x080036e4   0x0000001a   Code   RO         6048    i.mem_cpy           ff.o
    0x080036fe   0x080036fe   0x00000012   Code   RO         6049    i.mem_set           ff.o
    0x08003710   0x08003710   0x000002f4   Code   RO         6050    i.mount_volume      ff.o
    0x08003a04   0x08003a04   0x00000034   Code   RO         6051    i.move_window       ff.o
    0x08003a38   0x08003a38   0x00000018   Code   RO         6058    i.st_dword          ff.o
    0x08003a50   0x08003a50   0x0000000c   Code   RO         6059    i.st_word           ff.o
    0x08003a5c   0x08003a5c   0x0000004a   Code   RO         6062    i.sync_window       ff.o
    0x08003aa6   0x08003aa6   0x00000002   PAD
    0x08003aa8   0x08003aa8   0x0000004c   Code   RO         5878    i.w25qxx_flash_mode  w25q64.o
    0x08003af4   0x08003af4   0x00000018   Data   RO         4958    .constdata          system_stm32f4xx.o
    0x08003b0c   0x08003b0c   0x00000044   Data   RO         6065    .constdata          ff.o
    0x08003b50   0x08003b50   0x0000012d   Data   RO           18    .conststring        main.o
    0x08003c7d   0x08003c7d   0x00000003   PAD
    0x08003c80   0x08003c80   0x00000020   Data   RO         6688    Region$$Table       anon$$obj.o


    Execution Region RW_IRAM2 (Exec base: 0x10000000, Load base: 0x08003cd8, Size: 0x00010000, Max: 0x00010000, ABSOLUTE)

    Exec Addr    Load Addr    Size         Type   Attr      Idx    E Section Name        Object

    0x10000000        -       0x00010000   Zero   RW         5691    .ARM.__AT_0x10000000  my_malloc.o


    Execution Region RW_IRAM1 (Exec base: 0x20000000, Load base: 0x08003ca0, Size: 0x00003630, Max: 0x00030000, ABSOLUTE)

    Exec Addr    Load Addr    Size         Type   Attr      Idx    E Section Name        Object

    0x20000000   0x08003ca0   0x00000015   Data   RW           19    .data               main.o
    0x20000015   0x08003cb5   0x00000003   PAD
    0x20000018   0x08003cb8   0x00000009   Data   RW         2801    .data               stm32f4xx_hal.o
    0x20000021   0x08003cc1   0x00000003   PAD
    0x20000024   0x08003cc4   0x00000004   Data   RW         4959    .data               system_stm32f4xx.o
    0x20000028   0x08003cc8   0x0000000a   Data   RW         6066    .data               ff.o
    0x20000032   0x08003cd2   0x00000002   PAD
    0x20000034   0x08003cd4   0x00000004   Data   RW         6664    .data               mc_w.l(stdout.o)
    0x20000038        -       0x00002460   Zero   RW           17    .bss                main.o
    0x20002498        -       0x00000040   Zero   RW          337    .bss                usart.o
    0x200024d8        -       0x00000040   Zero   RW          467    .bss                stm32f4xx_hal_timebase_tim.o
    0x20002518        -       0x00000040   Zero   RW         5000    .bss                bsp_led.o
    0x20002558        -       0x00000080   Zero   RW         5228    .bss                bsp_time.o
    0x200025d8        -       0x00000058   Zero   RW         5834    .bss                bsp_spi.o
    0x20002630        -       0x00001000   Zero   RW            1    STACK               startup_stm32f429xx.o



  Load Region LR$$.ARM.__AT_0x10010000 (Base: 0x10010000, Size: 0x00000000, Max: 0x00001000, ABSOLUTE)

    Execution Region ER$$.ARM.__AT_0x10010000 (Exec base: 0x10010000, Load base: 0x10010000, Size: 0x00001000, Max: 0x00001000, ABSOLUTE, UNINIT)

    Exec Addr    Load Addr    Size         Type   Attr      Idx    E Section Name        Object

    0x10010000        -       0x00001000   Zero   RW         5692    .ARM.__AT_0x10010000  my_malloc.o



  Load Region LR$$.ARM.__AT_0xD01F4000 (Base: 0xd01f4000, Size: 0x00000000, Max: 0x001f4000, ABSOLUTE)

    Execution Region ER$$.ARM.__AT_0xD01F4000 (Exec base: 0xd01f4000, Load base: 0xd01f4000, Size: 0x001f4000, Max: 0x001f4000, ABSOLUTE, UNINIT)

    Exec Addr    Load Addr    Size         Type   Attr      Idx    E Section Name        Object

    0xd01f4000        -       0x001f4000   Zero   RW         5693    .ARM.__AT_0xD01F4000  my_malloc.o



  Load Region LR$$.ARM.__AT_0xD03E8000 (Base: 0xd03e8000, Size: 0x00000000, Max: 0x0001f400, ABSOLUTE)

    Execution Region ER$$.ARM.__AT_0xD03E8000 (Exec base: 0xd03e8000, Load base: 0xd03e8000, Size: 0x0001f400, Max: 0x0001f400, ABSOLUTE, UNINIT)

    Exec Addr    Load Addr    Size         Type   Attr      Idx    E Section Name        Object

    0xd03e8000        -       0x0001f400   Zero   RW         5694    .ARM.__AT_0xD03E8000  my_malloc.o


==============================================================================

Image component sizes


      Code (inc. data)   RO Data    RW Data    ZI Data      Debug   Object Name

       208         18          0          0         64       1244   bsp_led.o
       240         22          0          0         88       1843   bsp_spi.o
        40          4          0          0        128        740   bsp_time.o
        36          6          0          0          0       1099   debug_usart.o
       300          4          0          0          0       7630   diskio.o
      3580        130         68         10          0      34361   ff.o
       100          4          0          0          0        823   gpio.o
       574        170        301         21       9312     759852   main.o
         0          0          0          0    2245632       2044   my_malloc.o
        36          8        428          0       4096        828   startup_stm32f429xx.o
        96         20          0          9          0       8234   stm32f4xx_hal.o
       252         22          0          0          0      33690   stm32f4xx_hal_cortex.o
       552         54          0          0          0       2336   stm32f4xx_hal_gpio.o
        72          4          0          0          0        834   stm32f4xx_hal_msp.o
       140         12          0          0          0       1284   stm32f4xx_hal_pwr_ex.o
      1868         94          0          0          0       6281   stm32f4xx_hal_rcc.o
       972          8          0          0          0       5075   stm32f4xx_hal_spi.o
      1606         90          0          0          0      12883   stm32f4xx_hal_tim.o
         4          0          0          0          0       1573   stm32f4xx_hal_tim_ex.o
       140         18          0          0         64       1455   stm32f4xx_hal_timebase_tim.o
      1438          8          0          0          0       3800   stm32f4xx_hal_uart.o
        34          6          0          0          0       3237   stm32f4xx_it.o
        28          4         24          4          0       1139   system_stm32f4xx.o
       192         22          0          0         64       1666   usart.o
      1118        180          0          0          0       7122   w25q64.o

    ----------------------------------------------------------------------
     13644        908        856         52    2259448     901073   Object Totals
         0          0         32          0          0          0   (incl. Generated)
        18          0          3          8          0          0   (incl. Padding)

    ----------------------------------------------------------------------

      Code (inc. data)   RO Data    RW Data    ZI Data      Debug   Library Member Name

         0          0          0          0          0          0   entry.o
         0          0          0          0          0          0   entry10a.o
         0          0          0          0          0          0   entry11a.o
         8          4          0          0          0          0   entry2.o
         4          0          0          0          0          0   entry5.o
         0          0          0          0          0          0   entry7b.o
         0          0          0          0          0          0   entry8b.o
         8          4          0          0          0          0   entry9a.o
        30          0          0          0          0          0   handlers.o
        36          8          0          0          0         68   init.o
        30          0          0          0          0         68   llshl.o
        32          0          0          0          0         68   llushr.o
        36          0          0          0          0        108   memseta.o
       736         56          0          0          0        184   printf5.o
         0          0          0          4          0          0   stdout.o
        98          0          0          0          0         92   uldiv.o

    ----------------------------------------------------------------------
      1020         72          0          4          0        588   Library Totals
         2          0          0          0          0          0   (incl. Padding)

    ----------------------------------------------------------------------

      Code (inc. data)   RO Data    RW Data    ZI Data      Debug   Library Name

      1018         72          0          4          0        588   mc_w.l

    ----------------------------------------------------------------------
      1020         72          0          4          0        588   Library Totals

    ----------------------------------------------------------------------

==============================================================================


      Code (inc. data)   RO Data    RW Data    ZI Data      Debug   

     14664        980        856         56    2259448     892157   Grand Totals
     14664        980        856         56    2259448     892157   ELF Image Totals
     14664        980        856         56          0          0   ROM Totals

==============================================================================

    Total RO  Size (Code + RO Data)                15520 (  15.16kB)
    Total RW  Size (RW Data + ZI Data)           2259504 (2206.55kB)
    Total ROM Size (Code + RO Data + RW Data)      15576 (  15.21kB)

==============================================================================

